Component: Arm Compiler for Embedded 6.22 Tool: armlink [5ee90200]

==============================================================================

Section Cross References

    empty.o(.text.main) refers to board.o(.text.board_init) for board_init
    empty.o(.text.main) refers to beep.o(.text.Beep_off) for Beep_off
    empty.o(.text.main) refers to led.o(.text.LED_off) for LED_off
    empty.o(.text.main) refers to key.o(.text.Key_GetNum) for Key_GetNum
    empty.o(.text.main) refers to empty.o(.bss.key_temp) for key_temp
    empty.o(.text.main) refers to empty.o(.bss.Place_compensate_Enable) for Place_compensate_Enable
    empty.o(.text.main) refers to empty.o(.bss.task_flag) for task_flag
    empty.o(.text.main) refers to empty.o(.bss.Target_Speed4) for Target_Speed4
    empty.o(.text.main) refers to empty.o(.bss.Target_Speed2) for Target_Speed2
    empty.o(.text.main) refers to empty.o(.bss.target_infty_loop) for target_infty_loop
    empty.o(.ARM.exidx.text.main) refers to empty.o(.text.main) for [Anonymous Symbol]
    empty.o(.text.TIMA1_IRQHandler) refers to ffixi.o(.text) for __aeabi_f2iz
    empty.o(.text.TIMA1_IRQHandler) refers to led.o(.text.LED_off) for LED_off
    empty.o(.text.TIMA1_IRQHandler) refers to beep.o(.text.Beep_off) for Beep_off
    empty.o(.text.TIMA1_IRQHandler) refers to led.o(.text.LED_on) for LED_on
    empty.o(.text.TIMA1_IRQHandler) refers to beep.o(.text.Beep_on) for Beep_on
    empty.o(.text.TIMA1_IRQHandler) refers to fflti.o(.text) for __aeabi_i2f
    empty.o(.text.TIMA1_IRQHandler) refers to fmul.o(x$fpl$fmul) for __aeabi_fmul
    empty.o(.text.TIMA1_IRQHandler) refers to track.o(.text.Track_Enable) for Track_Enable
    empty.o(.text.TIMA1_IRQHandler) refers to faddsub.o(x$fpl$fadd) for __aeabi_fadd
    empty.o(.text.TIMA1_IRQHandler) refers to faddsub.o(x$fpl$fsub) for __aeabi_fsub
    empty.o(.text.TIMA1_IRQHandler) refers to motor.o(.text.Load) for Load
    empty.o(.text.TIMA1_IRQHandler) refers to empty.o(.bss.Right_Count) for Right_Count
    empty.o(.text.TIMA1_IRQHandler) refers to empty.o(.bss.Left_Count) for Left_Count
    empty.o(.text.TIMA1_IRQHandler) refers to empty.o(.bss.Encoder2) for Encoder2
    empty.o(.text.TIMA1_IRQHandler) refers to empty.o(.bss.Encoder4) for Encoder4
    empty.o(.text.TIMA1_IRQHandler) refers to empty.o(.bss.Pulse2) for Pulse2
    empty.o(.text.TIMA1_IRQHandler) refers to empty.o(.bss.Pulse4) for Pulse4
    empty.o(.text.TIMA1_IRQHandler) refers to empty.o(.bss.time_enable) for time_enable
    empty.o(.text.TIMA1_IRQHandler) refers to empty.o(.bss.time_count) for time_count
    empty.o(.text.TIMA1_IRQHandler) refers to empty.o(.bss.task_flag) for task_flag
    empty.o(.text.TIMA1_IRQHandler) refers to empty.o(.bss.task_finish_flag) for task_finish_flag
    empty.o(.text.TIMA1_IRQHandler) refers to empty.o(.bss.bar) for bar
    empty.o(.text.TIMA1_IRQHandler) refers to empty.o(.bss.track_flag) for track_flag
    empty.o(.text.TIMA1_IRQHandler) refers to empty.o(.bss.Place_compensate_Enable) for Place_compensate_Enable
    empty.o(.text.TIMA1_IRQHandler) refers to empty.o(.bss.Target_Speed2) for Target_Speed2
    empty.o(.text.TIMA1_IRQHandler) refers to empty.o(.bss.Target_Speed4) for Target_Speed4
    empty.o(.text.TIMA1_IRQHandler) refers to empty.o(.bss.Pwm_Out2) for Pwm_Out2
    empty.o(.text.TIMA1_IRQHandler) refers to empty.o(.bss.Pwm_Out4) for Pwm_Out4
    empty.o(.text.TIMA1_IRQHandler) refers to empty.o(.bss.target_infty_loop) for target_infty_loop
    empty.o(.text.TIMA1_IRQHandler) refers to empty.o(.bss.infty_loop) for infty_loop
    empty.o(.text.TIMA1_IRQHandler) refers to empty.o(.data.Place_difference_k) for Place_difference_k
    empty.o(.text.TIMA1_IRQHandler) refers to empty.o(.bss.Place_difference_compensate) for Place_difference_compensate
    empty.o(.text.TIMA1_IRQHandler) refers to empty.o(.bss.Speed_PID_L.SpeedL_Last_err) for [Anonymous Symbol]
    empty.o(.text.TIMA1_IRQHandler) refers to empty.o(.bss.Speed_PID_R.SpeedR_Last_err) for [Anonymous Symbol]
    empty.o(.text.TIMA1_IRQHandler) refers to empty.o(.bss.Speed_PID_L.SpeedL_Sum) for [Anonymous Symbol]
    empty.o(.text.TIMA1_IRQHandler) refers to empty.o(.bss.Speed_PID_R.SppedR_Sum) for [Anonymous Symbol]
    empty.o(.text.TIMA1_IRQHandler) refers to empty.o(.bss.SpeedL_KI) for SpeedL_KI
    empty.o(.text.TIMA1_IRQHandler) refers to empty.o(.data.SpeedL_KP) for SpeedL_KP
    empty.o(.text.TIMA1_IRQHandler) refers to empty.o(.bss.SpeedL_KD) for SpeedL_KD
    empty.o(.text.TIMA1_IRQHandler) refers to empty.o(.bss.SpeedR_KI) for SpeedR_KI
    empty.o(.text.TIMA1_IRQHandler) refers to empty.o(.data.SpeedR_KP) for SpeedR_KP
    empty.o(.text.TIMA1_IRQHandler) refers to empty.o(.bss.SpeedR_KD) for SpeedR_KD
    empty.o(.ARM.exidx.text.TIMA1_IRQHandler) refers to empty.o(.text.TIMA1_IRQHandler) for [Anonymous Symbol]
    empty.o(.text.Speed_PID_L) refers to fflti.o(.text) for __aeabi_i2f
[...]
    Removing dl_crc.o(.text.DL_CRC_calculateMemoryRange16), (104 bytes).
    Removing dl_crc.o(.ARM.exidx.text.DL_CRC_calculateMemoryRange16), (8 bytes).
    Removing dl_common.o(.text), (0 bytes).
    Removing dl_common.o(.ARM.exidx.text.DL_Common_delayCycles), (8 bytes).
    Removing dl_aesadv.o(.text), (0 bytes).
    Removing dl_aes.o(.text), (0 bytes).
    Removing dl_aes.o(.text.DL_AES_setKey), (72 bytes).
    Removing dl_aes.o(.ARM.exidx.text.DL_AES_setKey), (8 bytes).
    Removing dl_aes.o(.text.DL_AES_setKeyAligned), (56 bytes).
    Removing dl_aes.o(.ARM.exidx.text.DL_AES_setKeyAligned), (8 bytes).
    Removing dl_aes.o(.text.DL_AES_loadDataIn), (40 bytes).
    Removing dl_aes.o(.ARM.exidx.text.DL_AES_loadDataIn), (8 bytes).
    Removing dl_aes.o(.text.DL_AES_loadDataInAligned), (24 bytes).
    Removing dl_aes.o(.ARM.exidx.text.DL_AES_loadDataInAligned), (8 bytes).
    Removing dl_aes.o(.text.DL_AES_getDataOut), (36 bytes).
    Removing dl_aes.o(.ARM.exidx.text.DL_AES_getDataOut), (8 bytes).
    Removing dl_aes.o(.text.DL_AES_getDataOutAligned), (24 bytes).
    Removing dl_aes.o(.ARM.exidx.text.DL_AES_getDataOutAligned), (8 bytes).
    Removing dl_aes.o(.text.DL_AES_loadXORDataIn), (40 bytes).
    Removing dl_aes.o(.ARM.exidx.text.DL_AES_loadXORDataIn), (8 bytes).
    Removing dl_aes.o(.text.DL_AES_loadXORDataInAligned), (24 bytes).
    Removing dl_aes.o(.ARM.exidx.text.DL_AES_loadXORDataInAligned), (8 bytes).
    Removing dl_aes.o(.text.DL_AES_loadXORDataInWithoutTrigger), (40 bytes).
    Removing dl_aes.o(.ARM.exidx.text.DL_AES_loadXORDataInWithoutTrigger), (8 bytes).
    Removing dl_aes.o(.text.DL_AES_loadXORDataInWithoutTriggerAligned), (24 bytes).
    Removing dl_aes.o(.ARM.exidx.text.DL_AES_loadXORDataInWithoutTriggerAligned), (8 bytes).
    Removing dl_aes.o(.text.DL_AES_xorData), (52 bytes).
    Removing dl_aes.o(.ARM.exidx.text.DL_AES_xorData), (8 bytes).
    Removing dl_aes.o(.text.DL_AES_xorDataAligned), (36 bytes).
    Removing dl_aes.o(.ARM.exidx.text.DL_AES_xorDataAligned), (8 bytes).
    Removing dl_aes.o(.text.DL_AES_saveConfiguration), (80 bytes).
    Removing dl_aes.o(.ARM.exidx.text.DL_AES_saveConfiguration), (8 bytes).
    Removing dl_aes.o(.text.DL_AES_restoreConfiguration), (84 bytes).
    Removing dl_aes.o(.ARM.exidx.text.DL_AES_restoreConfiguration), (8 bytes).
    Removing dl_adc12.o(.text), (0 bytes).
    Removing dl_adc12.o(.text.DL_ADC12_setClockConfig), (64 bytes).
    Removing dl_adc12.o(.ARM.exidx.text.DL_ADC12_setClockConfig), (8 bytes).
    Removing dl_adc12.o(.text.DL_ADC12_getClockConfig), (40 bytes).
    Removing dl_adc12.o(.ARM.exidx.text.DL_ADC12_getClockConfig), (8 bytes).

916 unused section(s) (total 61412 bytes) removed from the image.

==============================================================================

Image Symbol Table

    Local Symbols

    Symbol Name                              Value     Ov Type        Size  Object(Section)

    ../clib/angel/boardlib.s                 0x00000000   Number         0  boardinit1.o ABSOLUTE
    ../clib/angel/boardlib.s                 0x00000000   Number         0  boardinit2.o ABSOLUTE
    ../clib/angel/boardlib.s                 0x00000000   Number         0  boardinit3.o ABSOLUTE
    ../clib/angel/boardlib.s                 0x00000000   Number         0  boardshut.o ABSOLUTE
    ../clib/angel/handlers.s                 0x00000000   Number         0  __scatter_copy.o ABSOLUTE
    ../clib/angel/handlers.s                 0x00000000   Number         0  __scatter_zi.o ABSOLUTE
    ../clib/angel/kernel.s                   0x00000000   Number         0  __rtentry.o ABSOLUTE
    ../clib/angel/kernel.s                   0x00000000   Number         0  __rtentry2.o ABSOLUTE
    ../clib/angel/kernel.s                   0x00000000   Number         0  __rtentry4.o ABSOLUTE
    ../clib/angel/kernel.s                   0x00000000   Number         0  rtexit.o ABSOLUTE
    ../clib/angel/kernel.s                   0x00000000   Number         0  rtexit2.o ABSOLUTE
    ../clib/angel/rt.s                       0x00000000   Number         0  aeabi_idiv0.o ABSOLUTE
    ../clib/angel/rt.s                       0x00000000   Number         0  aeabi_idiv0_sigfpe.o ABSOLUTE
    ../clib/angel/rt.s                       0x00000000   Number         0  aeabi_ldiv0.o ABSOLUTE
    ../clib/angel/rt.s                       0x00000000   Number         0  aeabi_ldiv0_sigfpe.o ABSOLUTE
    ../clib/angel/rt.s                       0x00000000   Number         0  rt_div0.o ABSOLUTE
    ../clib/angel/rt.s                       0x00000000   Number         0  rt_errno_addr.o ABSOLUTE
    ../clib/angel/rt.s                       0x00000000   Number         0  rt_errno_addr_intlibspace.o ABSOLUTE
    ../clib/angel/rt.s                       0x00000000   Number         0  rt_raise.o ABSOLUTE
    ../clib/angel/scatterp.s                 0x00000000   Number         0  __scatter.o ABSOLUTE
    ../clib/angel/startup.s                  0x00000000   Number         0  __main.o ABSOLUTE
    ../clib/angel/sys.s                      0x00000000   Number         0  libspace.o ABSOLUTE
    ../clib/angel/sys.s                      0x00000000   Number         0  sys_stackheap_outer.o ABSOLUTE
    ../clib/angel/sys.s                      0x00000000   Number         0  tempstk.o ABSOLUTE
    ../clib/angel/sys.s                      0x00000000   Number         0  use_no_semi.o ABSOLUTE
    ../clib/angel/sys.s                      0x00000000   Number         0  indicate_semi.o ABSOLUTE
    ../clib/angel/sysapp.c                   0x00000000   Number         0  sys_wrch.o ABSOLUTE
    ../clib/angel/sysapp.c                   0x00000000   Number         0  sys_wrch_hlt.o ABSOLUTE
    ../clib/angel/sysapp.c                   0x00000000   Number         0  sys_command.o ABSOLUTE
    ../clib/angel/sysapp.c                   0x00000000   Number         0  sys_command_hlt.o ABSOLUTE
    ../clib/armsys.c                         0x00000000   Number         0  argv_veneer.o ABSOLUTE
    ../clib/armsys.c                         0x00000000   Number         0  _get_argv_nomalloc.o ABSOLUTE
    ../clib/armsys.c                         0x00000000   Number         0  no_argv.o ABSOLUTE
    ../clib/division.c                       0x00000000   Number         0  llsdiv.o ABSOLUTE
    ../clib/division.c                       0x00000000   Number         0  lludiv.o ABSOLUTE
    ../clib/division.c                       0x00000000   Number         0  rtudiv10.o ABSOLUTE
    ../clib/division.s                       0x00000000   Number         0  aeabi_sdivfast.o ABSOLUTE
    ../clib/division.s                       0x00000000   Number         0  aeabi_sdivfast_div0.o ABSOLUTE
    ../clib/fenv.c                           0x00000000   Number         0  _rserrno.o ABSOLUTE
    ../clib/heapalloc.c                      0x00000000   Number         0  hrguard.o ABSOLUTE
    ../clib/heapaux.c                        0x00000000   Number         0  heapauxi.o ABSOLUTE
    ../clib/libinit.s                        0x00000000   Number         0  libinit.o ABSOLUTE
    ../clib/libinit.s                        0x00000000   Number         0  libinit2.o ABSOLUTE
    ../clib/libinit.s                        0x00000000   Number         0  libshutdown.o ABSOLUTE
    ../clib/libinit.s                        0x00000000   Number         0  libshutdown2.o ABSOLUTE
    ../clib/longlong.c                       0x00000000   Number         0  llmul.o ABSOLUTE
    ../clib/misc.s                           0x00000000   Number         0  printf_stubs.o ABSOLUTE
    ../clib/printf.c                         0x00000000   Number         0  __2printf.o ABSOLUTE
    ../clib/printf.c                         0x00000000   Number         0  noretval__2printf.o ABSOLUTE
    ../clib/printf.c                         0x00000000   Number         0  __printf.o ABSOLUTE
    ../clib/printf.c                         0x00000000   Number         0  _printf_pad.o ABSOLUTE
    ../clib/printf.c                         0x00000000   Number         0  _printf_dec.o ABSOLUTE
    ../clib/printf.c                         0x00000000   Number         0  _printf_hex_ll.o ABSOLUTE
    ../clib/printf.c                         0x00000000   Number         0  _printf_hex_int.o ABSOLUTE
    ../clib/printf.c                         0x00000000   Number         0  _printf_hex_int_ll.o ABSOLUTE
    ../clib/printf.c                         0x00000000   Number         0  _printf_hex_ptr.o ABSOLUTE
    ../clib/printf.c                         0x00000000   Number         0  _printf_hex_int_ptr.o ABSOLUTE
    ../clib/printf.c                         0x00000000   Number         0  _printf_hex_ll_ptr.o ABSOLUTE
    ../clib/printf.c                         0x00000000   Number         0  _printf_hex_int_ll_ptr.o ABSOLUTE
    ../clib/printf.c                         0x00000000   Number         0  __printf_flags.o ABSOLUTE
    ../clib/printf.c                         0x00000000   Number         0  __printf_ss.o ABSOLUTE
    ../clib/printf.c                         0x00000000   Number         0  __printf_flags_ss.o ABSOLUTE
    ../clib/printf.c                         0x00000000   Number         0  __printf_wp.o ABSOLUTE
    ../clib/printf.c                         0x00000000   Number         0  __printf_flags_wp.o ABSOLUTE
    ../clib/printf.c                         0x00000000   Number         0  __printf_ss_wp.o ABSOLUTE
    ../clib/printf.c                         0x00000000   Number         0  __printf_flags_ss_wp.o ABSOLUTE
    ../clib/printf.c                         0x00000000   Number         0  _printf_intcommon.o ABSOLUTE
    ../clib/printf.c                         0x00000000   Number         0  _printf_char_file.o ABSOLUTE
    ../clib/printf.c                         0x00000000   Number         0  _printf_char_common.o ABSOLUTE
    ../clib/printf.c                         0x00000000   Number         0  __printf_nopercent.o ABSOLUTE
    ../clib/printf_percent.s                 0x00000000   Number         0  _printf_x.o ABSOLUTE
    ../clib/printf_percent.s                 0x00000000   Number         0  _printf_d.o ABSOLUTE
    ../clib/printf_percent.s                 0x00000000   Number         0  _printf_percent.o ABSOLUTE
    ../clib/printf_percent.s                 0x00000000   Number         0  _printf_percent_end.o ABSOLUTE
    ../clib/signal.c                         0x00000000   Number         0  defsig_fpe_outer.o ABSOLUTE
    ../clib/signal.c                         0x00000000   Number         0  defsig_fpe_formal.o ABSOLUTE
    ../clib/signal.c                         0x00000000   Number         0  defsig_exit.o ABSOLUTE
    ../clib/signal.c                         0x00000000   Number         0  defsig_fpe_inner.o ABSOLUTE
    ../clib/signal.c                         0x00000000   Number         0  __raise.o ABSOLUTE
    ../clib/signal.c                         0x00000000   Number         0  defsig_general.o ABSOLUTE
    ../clib/signal.c                         0x00000000   Number         0  defsig_abrt_inner.o ABSOLUTE
    ../clib/signal.c                         0x00000000   Number         0  defsig_rtred_inner.o ABSOLUTE
    ../clib/signal.c                         0x00000000   Number         0  defsig_rtmem_inner.o ABSOLUTE
    ../clib/signal.c                         0x00000000   Number         0  defsig_rtmem_outer.o ABSOLUTE
    ../clib/signal.c                         0x00000000   Number         0  defsig_rtmem_formal.o ABSOLUTE
    ../clib/signal.c                         0x00000000   Number         0  defsig_stak_inner.o ABSOLUTE
    ../clib/signal.c                         0x00000000   Number         0  defsig_pvfn_inner.o ABSOLUTE
    ../clib/signal.c                         0x00000000   Number         0  defsig_cppl_inner.o ABSOLUTE
    ../clib/signal.c                         0x00000000   Number         0  defsig_segv_inner.o ABSOLUTE
    ../clib/signal.c                         0x00000000   Number         0  defsig_other.o ABSOLUTE
    ../clib/signal.s                         0x00000000   Number         0  defsig.o ABSOLUTE
    ../clib/stdio.c                          0x00000000   Number         0  puts.o ABSOLUTE
    ../clib/stdio.c                          0x00000000   Number         0  ferror.o ABSOLUTE
    ../clib/stdio.c                          0x00000000   Number         0  ferror_locked.o ABSOLUTE
    ../clib/stdlib.c                         0x00000000   Number         0  exit.o ABSOLUTE
    ../clib/string.c                         0x00000000   Number         0  memcmp.o ABSOLUTE
    ../fplib/cfplib/cmp.c                    0x00000000   Number         0  fcmp.o ABSOLUTE
    ../fplib/cfplib/cmpret.c                 0x00000000   Number         0  cmpret.o ABSOLUTE
    ../fplib/cfplib/d2f.c                    0x00000000   Number         0  d2f.o ABSOLUTE
    ../fplib/cfplib/daddsub.c                0x00000000   Number         0  daddsub.o ABSOLUTE
    ../fplib/cfplib/dcmpin.c                 0x00000000   Number         0  dcmpin.o ABSOLUTE
    ../fplib/cfplib/ddiv.c                   0x00000000   Number         0  ddiv.o ABSOLUTE
    ../fplib/cfplib/dmul.c                   0x00000000   Number         0  dmul.o ABSOLUTE
    ../fplib/cfplib/dsqrt.c                  0x00000000   Number         0  dsqrt.o ABSOLUTE
    ../fplib/cfplib/f2d.c                    0x00000000   Number         0  f2d.o ABSOLUTE
    ../fplib/cfplib/fcmpin.c                 0x00000000   Number         0  fcmpin.o ABSOLUTE
    ../fplib/cfplib/fdiv.c                   0x00000000   Number         0  fdiv.o ABSOLUTE
    ../fplib/cfplib/ffix.c                   0x00000000   Number         0  ffixi.o ABSOLUTE
    ../fplib/cfplib/fflt.c                   0x00000000   Number         0  dflti.o ABSOLUTE
    ../fplib/cfplib/fflt.c                   0x00000000   Number         0  fflti.o ABSOLUTE
    ../fplib/cfplib/fpinit.c                 0x00000000   Number         0  fpinit.o ABSOLUTE
    ../fplib/cfplib/nan2.c                   0x00000000   Number         0  dnan2.o ABSOLUTE
    ../fplib/cfplib/nan2.c                   0x00000000   Number         0  fnan2.o ABSOLUTE
    ../fplib/cfplib/retnan.c                 0x00000000   Number         0  retnan.o ABSOLUTE
    ../fplib/cfplib/scalbn.c                 0x00000000   Number         0  dscalbn.o ABSOLUTE
    ../fplib/deqf6m.s                        0x00000000   Number         0  deqf.o ABSOLUTE
    ../fplib/faddsub6m.s                     0x00000000   Number         0  faddsub.o ABSOLUTE
    ../fplib/feqf6m.s                        0x00000000   Number         0  feqf.o ABSOLUTE
    ../fplib/fgeqf6m.s                       0x00000000   Number         0  fgef.o ABSOLUTE
    ../fplib/fleqf6m.s                       0x00000000   Number         0  flef.o ABSOLUTE
    ../fplib/fmul6m.s                        0x00000000   Number         0  fmul.o ABSOLUTE
    ../fplib/usenofp.s                       0x00000000   Number         0  usenofp.o ABSOLUTE
    ../mathlib/asin.c                        0x00000000   Number         0  asin.o ABSOLUTE
    ../mathlib/atan.c                        0x00000000   Number         0  atan.o ABSOLUTE
    ../mathlib/atan2.c                       0x00000000   Number         0  atan2.o ABSOLUTE
    ../mathlib/dunder.c                      0x00000000   Number         0  dunder.o ABSOLUTE
    ../mathlib/fpclassify.c                  0x00000000   Number         0  fpclassify.o ABSOLUTE
    ../mathlib/poly.c                        0x00000000   Number         0  poly.o ABSOLUTE
    ../mathlib/qnan.c                        0x00000000   Number         0  qnan.o ABSOLUTE
    ../mathlib/sqrt.c                        0x00000000   Number         0  sqrt.o ABSOLUTE
    Beep.c                                   0x00000000   Number         0  beep.o ABSOLUTE
    LED.c                                    0x00000000   Number         0  led.o ABSOLUTE
    Track.c                                  0x00000000   Number         0  track.o ABSOLUTE
    board.c                                  0x00000000   Number         0  board.o ABSOLUTE
    bsp_mpu6050.c                            0x00000000   Number         0  bsp_mpu6050.o ABSOLUTE
    dc.s                                     0x00000000   Number         0  dc.o ABSOLUTE
    dl_adc12.c                               0x00000000   Number         0  dl_adc12.o ABSOLUTE
    dl_aes.c                                 0x00000000   Number         0  dl_aes.o ABSOLUTE
    dl_aesadv.c                              0x00000000   Number         0  dl_aesadv.o ABSOLUTE
    dl_common.c                              0x00000000   Number         0  dl_common.o ABSOLUTE
    dl_crc.c                                 0x00000000   Number         0  dl_crc.o ABSOLUTE
    dl_crcp.c                                0x00000000   Number         0  dl_crcp.o ABSOLUTE
    dl_dac12.c                               0x00000000   Number         0  dl_dac12.o ABSOLUTE
    dl_dma.c                                 0x00000000   Number         0  dl_dma.o ABSOLUTE
    dl_flashctl.c                            0x00000000   Number         0  dl_flashctl.o ABSOLUTE
    dl_i2c.c                                 0x00000000   Number         0  dl_i2c.o ABSOLUTE
    dl_keystorectl.c                         0x00000000   Number         0  dl_keystorectl.o ABSOLUTE
    dl_lcd.c                                 0x00000000   Number         0  dl_lcd.o ABSOLUTE
    dl_lfss.c                                0x00000000   Number         0  dl_lfss.o ABSOLUTE
    dl_mathacl.c                             0x00000000   Number         0  dl_mathacl.o ABSOLUTE
    dl_mcan.c                                0x00000000   Number         0  dl_mcan.o ABSOLUTE
    dl_opa.c                                 0x00000000   Number         0  dl_opa.o ABSOLUTE
    dl_rtc_common.c                          0x00000000   Number         0  dl_rtc_common.o ABSOLUTE
    dl_spi.c                                 0x00000000   Number         0  dl_spi.o ABSOLUTE
    dl_timer.c                               0x00000000   Number         0  dl_timer.o ABSOLUTE
    dl_trng.c                                0x00000000   Number         0  dl_trng.o ABSOLUTE
    dl_uart.c                                0x00000000   Number         0  dl_uart.o ABSOLUTE
    dl_vref.c                                0x00000000   Number         0  dl_vref.o ABSOLUTE
    empty.c                                  0x00000000   Number         0  empty.o ABSOLUTE
    encoder.c                                0x00000000   Number         0  encoder.o ABSOLUTE
    inv_mpu.c                                0x00000000   Number         0  inv_mpu.o ABSOLUTE
    inv_mpu_dmp_motion_driver.c              0x00000000   Number         0  inv_mpu_dmp_motion_driver.o ABSOLUTE
    key.c                                    0x00000000   Number         0  key.o ABSOLUTE
    motor.c                                  0x00000000   Number         0  motor.o ABSOLUTE
    oled.c                                   0x00000000   Number         0  oled.o ABSOLUTE
    startup_mspm0g350x_uvision.s             0x00000000   Number         0  startup_mspm0g350x_uvision.o ABSOLUTE
    ti_msp_dl_config.c                       0x00000000   Number         0  ti_msp_dl_config.o ABSOLUTE
    RESET                                    0x00000000   Section      192  startup_mspm0g350x_uvision.o(RESET)
    !!!main                                  0x000000c0   Section        8  __main.o(!!!main)
    !!!scatter                               0x000000c8   Section       84  __scatter.o(!!!scatter)
    !!handler_copy                           0x00000120   Section       26  __scatter_copy.o(!!handler_copy)
    !!handler_null                           0x00000140   Section        2  __scatter.o(!!handler_null)
    !!handler_zi                             0x00000148   Section       28  __scatter_zi.o(!!handler_zi)
    .ARM.Collect$$libinit$$00000000          0x00000164   Section        2  libinit.o(.ARM.Collect$$libinit$$00000000)
    .ARM.Collect$$libinit$$00000002          0x00000166   Section        0  libinit2.o(.ARM.Collect$$libinit$$00000002)
    .ARM.Collect$$libinit$$00000004          0x00000166   Section        0  libinit2.o(.ARM.Collect$$libinit$$00000004)
    .ARM.Collect$$libinit$$00000006          0x00000166   Section        0  libinit2.o(.ARM.Collect$$libinit$$00000006)
    .ARM.Collect$$libinit$$0000000C          0x00000166   Section        0  libinit2.o(.ARM.Collect$$libinit$$0000000C)
    .ARM.Collect$$libinit$$0000000E          0x00000166   Section        0  libinit2.o(.ARM.Collect$$libinit$$0000000E)
    .ARM.Collect$$libinit$$00000010          0x00000166   Section        0  libinit2.o(.ARM.Collect$$libinit$$00000010)
    .ARM.Collect$$libinit$$00000013          0x00000166   Section        0  libinit2.o(.ARM.Collect$$libinit$$00000013)
    .ARM.Collect$$libinit$$00000015          0x00000166   Section        0  libinit2.o(.ARM.Collect$$libinit$$00000015)
    .ARM.Collect$$libinit$$00000017          0x00000166   Section        0  libinit2.o(.ARM.Collect$$libinit$$00000017)
    .ARM.Collect$$libinit$$00000019          0x00000166   Section        0  libinit2.o(.ARM.Collect$$libinit$$00000019)
    .ARM.Collect$$libinit$$0000001B          0x00000166   Section        0  libinit2.o(.ARM.Collect$$libinit$$0000001B)
    .ARM.Collect$$libinit$$0000001D          0x00000166   Section        0  libinit2.o(.ARM.Collect$$libinit$$0000001D)
    .ARM.Collect$$libinit$$0000001F          0x00000166   Section        0  libinit2.o(.ARM.Collect$$libinit$$0000001F)
    .ARM.Collect$$libinit$$00000021          0x00000166   Section        0  libinit2.o(.ARM.Collect$$libinit$$00000021)
    .ARM.Collect$$libinit$$00000023          0x00000166   Section        0  libinit2.o(.ARM.Collect$$libinit$$00000023)
    .ARM.Collect$$libinit$$00000025          0x00000166   Section        0  libinit2.o(.ARM.Collect$$libinit$$00000025)
    .ARM.Collect$$libinit$$00000027          0x00000166   Section        0  libinit2.o(.ARM.Collect$$libinit$$00000027)
    .ARM.Collect$$libinit$$0000002E          0x00000166   Section        0  libinit2.o(.ARM.Collect$$libinit$$0000002E)
    .ARM.Collect$$libinit$$00000030          0x00000166   Section        0  libinit2.o(.ARM.Collect$$libinit$$00000030)
    .ARM.Collect$$libinit$$00000032          0x00000166   Section        0  libinit2.o(.ARM.Collect$$libinit$$00000032)
    .ARM.Collect$$libinit$$00000034          0x00000166   Section        0  libinit2.o(.ARM.Collect$$libinit$$00000034)
    .ARM.Collect$$libinit$$00000035          0x00000166   Section        2  libinit2.o(.ARM.Collect$$libinit$$00000035)
    .ARM.Collect$$libshutdown$$00000000      0x00000168   Section        2  libshutdown.o(.ARM.Collect$$libshutdown$$00000000)
    .ARM.Collect$$libshutdown$$00000002      0x0000016a   Section        0  libshutdown2.o(.ARM.Collect$$libshutdown$$00000002)
    .ARM.Collect$$libshutdown$$00000004      0x0000016a   Section        0  libshutdown2.o(.ARM.Collect$$libshutdown$$00000004)
    .ARM.Collect$$libshutdown$$00000007      0x0000016a   Section        0  libshutdown2.o(.ARM.Collect$$libshutdown$$00000007)
    .ARM.Collect$$libshutdown$$0000000A      0x0000016a   Section        0  libshutdown2.o(.ARM.Collect$$libshutdown$$0000000A)
    .ARM.Collect$$libshutdown$$0000000C      0x0000016a   Section        0  libshutdown2.o(.ARM.Collect$$libshutdown$$0000000C)
    .ARM.Collect$$libshutdown$$0000000F      0x0000016a   Section        0  libshutdown2.o(.ARM.Collect$$libshutdown$$0000000F)
    .ARM.Collect$$libshutdown$$00000010      0x0000016a   Section        2  libshutdown2.o(.ARM.Collect$$libshutdown$$00000010)
    .ARM.Collect$$rtentry$$00000000          0x0000016c   Section        0  __rtentry.o(.ARM.Collect$$rtentry$$00000000)
    .ARM.Collect$$rtentry$$00000002          0x0000016c   Section        0  __rtentry2.o(.ARM.Collect$$rtentry$$00000002)
    .ARM.Collect$$rtentry$$00000004          0x0000016c   Section        6  __rtentry4.o(.ARM.Collect$$rtentry$$00000004)
    .ARM.Collect$$rtentry$$00000009          0x00000172   Section        0  __rtentry2.o(.ARM.Collect$$rtentry$$00000009)
    .ARM.Collect$$rtentry$$0000000A          0x00000172   Section        4  __rtentry2.o(.ARM.Collect$$rtentry$$0000000A)
    .ARM.Collect$$rtentry$$0000000C          0x00000176   Section        0  __rtentry2.o(.ARM.Collect$$rtentry$$0000000C)
    .ARM.Collect$$rtentry$$0000000D          0x00000176   Section        8  __rtentry2.o(.ARM.Collect$$rtentry$$0000000D)
    .ARM.Collect$$rtexit$$00000000           0x0000017e   Section        2  rtexit.o(.ARM.Collect$$rtexit$$00000000)
    .ARM.Collect$$rtexit$$00000002           0x00000180   Section        0  rtexit2.o(.ARM.Collect$$rtexit$$00000002)
    .ARM.Collect$$rtexit$$00000003           0x00000180   Section        4  rtexit2.o(.ARM.Collect$$rtexit$$00000003)
    .ARM.Collect$$rtexit$$00000004           0x00000184   Section        6  rtexit2.o(.ARM.Collect$$rtexit$$00000004)
    .text                                    0x0000018c   Section       44  startup_mspm0g350x_uvision.o(.text)
    .text                                    0x000001b8   Section        0  puts.o(.text)
    .text                                    0x000001e4   Section        0  heapauxi.o(.text)
    .text                                    0x000001ea   Section        0  ffixi.o(.text)
    .text                                    0x00000236   Section        0  fflti.o(.text)
    .text                                    0x00000294   Section        8  libspace.o(.text)
    .text                                    0x0000029c   Section       62  sys_stackheap_outer.o(.text)
    .text                                    0x000002da   Section        0  exit.o(.text)
    [Anonymous Symbol]                       0x000002ec   Section        0  beep.o(.text.Beep_off)
    __arm_cp.1_0                             0x000002f4   Number         4  beep.o(.text.Beep_off)
    [Anonymous Symbol]                       0x000002f8   Section        0  beep.o(.text.Beep_on)
    __arm_cp.0_0                             0x00000300   Number         4  beep.o(.text.Beep_on)
    [Anonymous Symbol]                       0x00000304   Section        0  dl_common.o(.text.DL_Common_delayCycles)
    [Anonymous Symbol]                       0x00000310   Section        0  dl_timer.o(.text.DL_Timer_initPWMMode)
    __arm_cp.11_0                            0x000003cc   Number         4  dl_timer.o(.text.DL_Timer_initPWMMode)
    __arm_cp.11_4                            0x000003d0   Number         4  dl_timer.o(.text.DL_Timer_initPWMMode)
    __arm_cp.11_5                            0x000003d4   Number         4  dl_timer.o(.text.DL_Timer_initPWMMode)
    __arm_cp.11_6                            0x000003d8   Number         4  dl_timer.o(.text.DL_Timer_initPWMMode)
    __arm_cp.11_7                            0x000003dc   Number         4  dl_timer.o(.text.DL_Timer_initPWMMode)
    __arm_cp.11_9                            0x000003e0   Number         4  dl_timer.o(.text.DL_Timer_initPWMMode)
    [Anonymous Symbol]                       0x000003e4   Section        0  dl_timer.o(.text.DL_Timer_initTimerMode)
    __arm_cp.2_0                             0x000004c4   Number         4  dl_timer.o(.text.DL_Timer_initTimerMode)
    __arm_cp.2_2                             0x000004c8   Number         4  dl_timer.o(.text.DL_Timer_initTimerMode)
    __arm_cp.2_3                             0x000004cc   Number         4  dl_timer.o(.text.DL_Timer_initTimerMode)
    [Anonymous Symbol]                       0x000004d0   Section        0  dl_timer.o(.text.DL_Timer_setCaptCompUpdateMethod)
    __arm_cp.18_0                            0x000004e8   Number         4  dl_timer.o(.text.DL_Timer_setCaptCompUpdateMethod)
    [Anonymous Symbol]                       0x000004ec   Section        0  dl_timer.o(.text.DL_Timer_setCaptureCompareOutCtl)
    __arm_cp.13_0                            0x00000500   Number         4  dl_timer.o(.text.DL_Timer_setCaptureCompareOutCtl)
    [Anonymous Symbol]                       0x00000504   Section        0  dl_timer.o(.text.DL_Timer_setCaptureCompareValue)
    __arm_cp.3_0                             0x00000510   Number         4  dl_timer.o(.text.DL_Timer_setCaptureCompareValue)
    [Anonymous Symbol]                       0x00000514   Section        0  dl_timer.o(.text.DL_Timer_setClockConfig)
    __arm_cp.0_0                             0x0000052c   Number         4  dl_timer.o(.text.DL_Timer_setClockConfig)
    [Anonymous Symbol]                       0x00000530   Section        0  dl_uart.o(.text.DL_UART_init)
    __arm_cp.0_0                             0x00000570   Number         4  dl_uart.o(.text.DL_UART_init)
    __arm_cp.0_1                             0x00000574   Number         4  dl_uart.o(.text.DL_UART_init)
    [Anonymous Symbol]                       0x00000578   Section        0  dl_uart.o(.text.DL_UART_setClockConfig)
    [Anonymous Symbol]                       0x0000058c   Section        0  empty.o(.text.GROUP1_IRQHandler)
    __arm_cp.4_0                             0x00000658   Number         4  empty.o(.text.GROUP1_IRQHandler)
    __arm_cp.4_1                             0x0000065c   Number         4  empty.o(.text.GROUP1_IRQHandler)
    __arm_cp.4_2                             0x00000660   Number         4  empty.o(.text.GROUP1_IRQHandler)
    __arm_cp.4_3                             0x00000664   Number         4  empty.o(.text.GROUP1_IRQHandler)
    __arm_cp.4_4                             0x00000668   Number         4  empty.o(.text.GROUP1_IRQHandler)
    [Anonymous Symbol]                       0x0000066c   Section        0  key.o(.text.Key_GetNum)
    __arm_cp.0_0                             0x00000734   Number         4  key.o(.text.Key_GetNum)
    [Anonymous Symbol]                       0x00000738   Section        0  led.o(.text.LED_off)
    __arm_cp.0_0                             0x00000744   Number         4  led.o(.text.LED_off)
    [Anonymous Symbol]                       0x00000748   Section        0  led.o(.text.LED_on)
    [Anonymous Symbol]                       0x00000754   Section        0  motor.o(.text.Load)
    __arm_cp.0_0                             0x000007b0   Number         4  motor.o(.text.Load)
    [Anonymous Symbol]                       0x000007b4   Section        0  ti_msp_dl_config.o(.text.SYSCFG_DL_Control_init)
    __arm_cp.5_0                             0x000007d8   Number         4  ti_msp_dl_config.o(.text.SYSCFG_DL_Control_init)
    __arm_cp.5_1                             0x000007dc   Number         4  ti_msp_dl_config.o(.text.SYSCFG_DL_Control_init)
    __arm_cp.5_2                             0x000007e0   Number         4  ti_msp_dl_config.o(.text.SYSCFG_DL_Control_init)
    __arm_cp.5_3                             0x000007e4   Number         4  ti_msp_dl_config.o(.text.SYSCFG_DL_Control_init)
    __arm_cp.5_4                             0x000007e8   Number         4  ti_msp_dl_config.o(.text.SYSCFG_DL_Control_init)
    [Anonymous Symbol]                       0x000007ec   Section        0  ti_msp_dl_config.o(.text.SYSCFG_DL_GPIO_init)
    __arm_cp.2_0                             0x000008a8   Number         4  ti_msp_dl_config.o(.text.SYSCFG_DL_GPIO_init)
    __arm_cp.2_1                             0x000008ac   Number         4  ti_msp_dl_config.o(.text.SYSCFG_DL_GPIO_init)
    __arm_cp.2_2                             0x000008b0   Number         4  ti_msp_dl_config.o(.text.SYSCFG_DL_GPIO_init)
    __arm_cp.2_3                             0x000008b4   Number         4  ti_msp_dl_config.o(.text.SYSCFG_DL_GPIO_init)
    __arm_cp.2_4                             0x000008b8   Number         4  ti_msp_dl_config.o(.text.SYSCFG_DL_GPIO_init)
    __arm_cp.2_5                             0x000008bc   Number         4  ti_msp_dl_config.o(.text.SYSCFG_DL_GPIO_init)
    __arm_cp.2_6                             0x000008c0   Number         4  ti_msp_dl_config.o(.text.SYSCFG_DL_GPIO_init)
    __arm_cp.2_7                             0x000008c4   Number         4  ti_msp_dl_config.o(.text.SYSCFG_DL_GPIO_init)
    __arm_cp.2_8                             0x000008c8   Number         4  ti_msp_dl_config.o(.text.SYSCFG_DL_GPIO_init)
    __arm_cp.2_9                             0x000008cc   Number         4  ti_msp_dl_config.o(.text.SYSCFG_DL_GPIO_init)
    __arm_cp.2_10                            0x000008d0   Number         4  ti_msp_dl_config.o(.text.SYSCFG_DL_GPIO_init)
    __arm_cp.2_11                            0x000008d4   Number         4  ti_msp_dl_config.o(.text.SYSCFG_DL_GPIO_init)
    __arm_cp.2_12                            0x000008d8   Number         4  ti_msp_dl_config.o(.text.SYSCFG_DL_GPIO_init)
    __arm_cp.2_13                            0x000008dc   Number         4  ti_msp_dl_config.o(.text.SYSCFG_DL_GPIO_init)
    __arm_cp.2_14                            0x000008e0   Number         4  ti_msp_dl_config.o(.text.SYSCFG_DL_GPIO_init)
    [Anonymous Symbol]                       0x000008e4   Section        0  ti_msp_dl_config.o(.text.SYSCFG_DL_HWT101_init)
    __arm_cp.7_0                             0x0000093c   Number         4  ti_msp_dl_config.o(.text.SYSCFG_DL_HWT101_init)
    __arm_cp.7_1                             0x00000940   Number         4  ti_msp_dl_config.o(.text.SYSCFG_DL_HWT101_init)
    __arm_cp.7_2                             0x00000944   Number         4  ti_msp_dl_config.o(.text.SYSCFG_DL_HWT101_init)
    __arm_cp.7_3                             0x00000948   Number         4  ti_msp_dl_config.o(.text.SYSCFG_DL_HWT101_init)
    __arm_cp.7_5                             0x0000094c   Number         4  ti_msp_dl_config.o(.text.SYSCFG_DL_HWT101_init)
    [Anonymous Symbol]                       0x00000950   Section        0  ti_msp_dl_config.o(.text.SYSCFG_DL_Hwt101_init)
    __arm_cp.8_0                             0x000009a8   Number         4  ti_msp_dl_config.o(.text.SYSCFG_DL_Hwt101_init)
    __arm_cp.8_1                             0x000009ac   Number         4  ti_msp_dl_config.o(.text.SYSCFG_DL_Hwt101_init)
    __arm_cp.8_2                             0x000009b0   Number         4  ti_msp_dl_config.o(.text.SYSCFG_DL_Hwt101_init)
    __arm_cp.8_3                             0x000009b4   Number         4  ti_msp_dl_config.o(.text.SYSCFG_DL_Hwt101_init)
    __arm_cp.8_5                             0x000009b8   Number         4  ti_msp_dl_config.o(.text.SYSCFG_DL_Hwt101_init)
    [Anonymous Symbol]                       0x000009bc   Section        0  ti_msp_dl_config.o(.text.SYSCFG_DL_MOTOR_PWM_init)
    __arm_cp.4_0                             0x00000a30   Number         4  ti_msp_dl_config.o(.text.SYSCFG_DL_MOTOR_PWM_init)
    __arm_cp.4_1                             0x00000a34   Number         4  ti_msp_dl_config.o(.text.SYSCFG_DL_MOTOR_PWM_init)
    __arm_cp.4_2                             0x00000a38   Number         4  ti_msp_dl_config.o(.text.SYSCFG_DL_MOTOR_PWM_init)
    __arm_cp.4_3                             0x00000a3c   Number         4  ti_msp_dl_config.o(.text.SYSCFG_DL_MOTOR_PWM_init)
    [Anonymous Symbol]                       0x00000a40   Section        0  ti_msp_dl_config.o(.text.SYSCFG_DL_SYSCTL_init)
    __arm_cp.3_0                             0x00000a74   Number         4  ti_msp_dl_config.o(.text.SYSCFG_DL_SYSCTL_init)
    __arm_cp.3_1                             0x00000a78   Number         4  ti_msp_dl_config.o(.text.SYSCFG_DL_SYSCTL_init)
    [Anonymous Symbol]                       0x00000a7c   Section        0  ti_msp_dl_config.o(.text.SYSCFG_DL_SYSTICK_init)
    __arm_cp.9_0                             0x00000a94   Number         4  ti_msp_dl_config.o(.text.SYSCFG_DL_SYSTICK_init)
    [Anonymous Symbol]                       0x00000a98   Section        0  ti_msp_dl_config.o(.text.SYSCFG_DL_UART_0_init)
    __arm_cp.6_0                             0x00000aec   Number         4  ti_msp_dl_config.o(.text.SYSCFG_DL_UART_0_init)
    __arm_cp.6_1                             0x00000af0   Number         4  ti_msp_dl_config.o(.text.SYSCFG_DL_UART_0_init)
    __arm_cp.6_2                             0x00000af4   Number         4  ti_msp_dl_config.o(.text.SYSCFG_DL_UART_0_init)
    __arm_cp.6_3                             0x00000af8   Number         4  ti_msp_dl_config.o(.text.SYSCFG_DL_UART_0_init)
    __arm_cp.6_4                             0x00000afc   Number         4  ti_msp_dl_config.o(.text.SYSCFG_DL_UART_0_init)
    __arm_cp.6_5                             0x00000b00   Number         4  ti_msp_dl_config.o(.text.SYSCFG_DL_UART_0_init)
    [Anonymous Symbol]                       0x00000b04   Section        0  ti_msp_dl_config.o(.text.SYSCFG_DL_init)
    __arm_cp.0_0                             0x00000b3c   Number         4  ti_msp_dl_config.o(.text.SYSCFG_DL_init)
    __arm_cp.0_1                             0x00000b40   Number         4  ti_msp_dl_config.o(.text.SYSCFG_DL_init)
    [Anonymous Symbol]                       0x00000b44   Section        0  ti_msp_dl_config.o(.text.SYSCFG_DL_initPower)
    __arm_cp.1_0                             0x00000b80   Number         4  ti_msp_dl_config.o(.text.SYSCFG_DL_initPower)
    __arm_cp.1_1                             0x00000b84   Number         4  ti_msp_dl_config.o(.text.SYSCFG_DL_initPower)
    __arm_cp.1_2                             0x00000b88   Number         4  ti_msp_dl_config.o(.text.SYSCFG_DL_initPower)
    __arm_cp.1_3                             0x00000b8c   Number         4  ti_msp_dl_config.o(.text.SYSCFG_DL_initPower)
    __arm_cp.1_4                             0x00000b90   Number         4  ti_msp_dl_config.o(.text.SYSCFG_DL_initPower)
    __arm_cp.1_5                             0x00000b94   Number         4  ti_msp_dl_config.o(.text.SYSCFG_DL_initPower)
    __arm_cp.1_6                             0x00000b98   Number         4  ti_msp_dl_config.o(.text.SYSCFG_DL_initPower)
    __arm_cp.1_7                             0x00000b9c   Number         4  ti_msp_dl_config.o(.text.SYSCFG_DL_initPower)
    __arm_cp.1_8                             0x00000ba0   Number         4  ti_msp_dl_config.o(.text.SYSCFG_DL_initPower)
    [Anonymous Symbol]                       0x00000ba4   Section        0  empty.o(.text.TIMA1_IRQHandler)
    __arm_cp.1_37                            0x00000f60   Number         4  empty.o(.text.TIMA1_IRQHandler)
    __arm_cp.1_38                            0x00000f64   Number         4  empty.o(.text.TIMA1_IRQHandler)
    __arm_cp.1_44                            0x00000f7c   Number         4  empty.o(.text.TIMA1_IRQHandler)
    __arm_cp.1_45                            0x00000f80   Number         4  empty.o(.text.TIMA1_IRQHandler)
    __arm_cp.1_46                            0x00000f84   Number         4  empty.o(.text.TIMA1_IRQHandler)
    __arm_cp.1_47                            0x00000f88   Number         4  empty.o(.text.TIMA1_IRQHandler)
    __arm_cp.1_52                            0x00000f9c   Number         4  empty.o(.text.TIMA1_IRQHandler)
    __arm_cp.1_2                             0x00001174   Number         4  empty.o(.text.TIMA1_IRQHandler)
    __arm_cp.1_3                             0x00001178   Number         4  empty.o(.text.TIMA1_IRQHandler)
    __arm_cp.1_4                             0x0000117c   Number         4  empty.o(.text.TIMA1_IRQHandler)
    __arm_cp.1_5                             0x00001180   Number         4  empty.o(.text.TIMA1_IRQHandler)
    __arm_cp.1_6                             0x00001184   Number         4  empty.o(.text.TIMA1_IRQHandler)
    __arm_cp.1_9                             0x00001188   Number         4  empty.o(.text.TIMA1_IRQHandler)
    __arm_cp.1_10                            0x0000118c   Number         4  empty.o(.text.TIMA1_IRQHandler)
    __arm_cp.1_11                            0x00001190   Number         4  empty.o(.text.TIMA1_IRQHandler)
    __arm_cp.1_12                            0x00001194   Number         4  empty.o(.text.TIMA1_IRQHandler)
    __arm_cp.1_14                            0x00001198   Number         4  empty.o(.text.TIMA1_IRQHandler)
    __arm_cp.1_15                            0x0000119c   Number         4  empty.o(.text.TIMA1_IRQHandler)
    __arm_cp.1_16                            0x000011a0   Number         4  empty.o(.text.TIMA1_IRQHandler)
    __arm_cp.1_19                            0x000011a4   Number         4  empty.o(.text.TIMA1_IRQHandler)
    __arm_cp.1_20                            0x000011a8   Number         4  empty.o(.text.TIMA1_IRQHandler)
    __arm_cp.1_22                            0x000011ac   Number         4  empty.o(.text.TIMA1_IRQHandler)
    __arm_cp.1_23                            0x000011b0   Number         4  empty.o(.text.TIMA1_IRQHandler)
    __arm_cp.1_24                            0x000011b4   Number         4  empty.o(.text.TIMA1_IRQHandler)
    __arm_cp.1_25                            0x000011b8   Number         4  empty.o(.text.TIMA1_IRQHandler)
    __arm_cp.1_26                            0x000011bc   Number         4  empty.o(.text.TIMA1_IRQHandler)
    __arm_cp.1_27                            0x000011c0   Number         4  empty.o(.text.TIMA1_IRQHandler)
    __arm_cp.1_28                            0x000011c4   Number         4  empty.o(.text.TIMA1_IRQHandler)
    __arm_cp.1_29                            0x000011c8   Number         4  empty.o(.text.TIMA1_IRQHandler)
    __arm_cp.1_30                            0x000011cc   Number         4  empty.o(.text.TIMA1_IRQHandler)
    __arm_cp.1_31                            0x000011d0   Number         4  empty.o(.text.TIMA1_IRQHandler)
    __arm_cp.1_32                            0x000011d4   Number         4  empty.o(.text.TIMA1_IRQHandler)
    __arm_cp.1_33                            0x000011d8   Number         4  empty.o(.text.TIMA1_IRQHandler)
    __arm_cp.1_34                            0x000011dc   Number         4  empty.o(.text.TIMA1_IRQHandler)
    __arm_cp.1_35                            0x000011e0   Number         4  empty.o(.text.TIMA1_IRQHandler)
    __arm_cp.1_36                            0x000011e4   Number         4  empty.o(.text.TIMA1_IRQHandler)
    [Anonymous Symbol]                       0x000011e8   Section        0  track.o(.text.Track_Enable)
    __arm_cp.0_0                             0x00001284   Number         4  track.o(.text.Track_Enable)
    __arm_cp.0_1                             0x00001288   Number         4  track.o(.text.Track_Enable)
    __arm_cp.0_2                             0x0000128c   Number         4  track.o(.text.Track_Enable)
    __arm_cp.0_3                             0x00001290   Number         4  track.o(.text.Track_Enable)
    [Anonymous Symbol]                       0x00001294   Section        0  board.o(.text.UART0_IRQHandler)
    __arm_cp.9_0                             0x000012e0   Number         4  board.o(.text.UART0_IRQHandler)
    __arm_cp.9_2                             0x000012e4   Number         4  board.o(.text.UART0_IRQHandler)
    __arm_cp.9_3                             0x000012e8   Number         4  board.o(.text.UART0_IRQHandler)
    __arm_cp.9_4                             0x000012ec   Number         4  board.o(.text.UART0_IRQHandler)
    [Anonymous Symbol]                       0x000012f0   Section        0  board.o(.text._sys_exit)
    [Anonymous Symbol]                       0x000012f4   Section        0  board.o(.text.board_init)
    __arm_cp.0_0                             0x00001310   Number         4  board.o(.text.board_init)
    __arm_cp.0_1                             0x00001314   Number         4  board.o(.text.board_init)
    [Anonymous Symbol]                       0x00001338   Section        0  board.o(.text.delay_ms)
    __arm_cp.2_0                             0x0000137c   Number         4  board.o(.text.delay_ms)
    [Anonymous Symbol]                       0x00001380   Section        0  board.o(.text.fputc)
    __arm_cp.8_0                             0x000013a0   Number         4  board.o(.text.fputc)
    [Anonymous Symbol]                       0x000013a4   Section        0  empty.o(.text.main)
    __arm_cp.0_0                             0x00001438   Number         4  empty.o(.text.main)
    __arm_cp.0_1                             0x0000143c   Number         4  empty.o(.text.main)
    __arm_cp.0_2                             0x00001440   Number         4  empty.o(.text.main)
    __arm_cp.0_3                             0x00001444   Number         4  empty.o(.text.main)
    __arm_cp.0_4                             0x00001448   Number         4  empty.o(.text.main)
    __arm_cp.0_5                             0x0000144c   Number         4  empty.o(.text.main)
    __arm_cp.0_6                             0x00001450   Number         4  empty.o(.text.main)
    __arm_cp.0_7                             0x00001454   Number         4  empty.o(.text.main)
    x$fpl$fadd                               0x00001458   Section      140  faddsub.o(x$fpl$fadd)
    _fadd1                                   0x00001465   Thumb Code     0  faddsub.o(x$fpl$fadd)
    x$fpl$fmul                               0x000014e4   Section      176  fmul.o(x$fpl$fmul)
    x$fpl$fsub                               0x00001594   Section      208  faddsub.o(x$fpl$fsub)
    _fsub1                                   0x000015a1   Thumb Code     0  faddsub.o(x$fpl$fsub)
    gControlClockConfig                      0x00001664   Data           3  ti_msp_dl_config.o(.rodata.gControlClockConfig)
    [Anonymous Symbol]                       0x00001664   Section        0  ti_msp_dl_config.o(.rodata.gControlClockConfig)
    x$fpl$usenofp                            0x00001664   Section        0  usenofp.o(x$fpl$usenofp)
    gControlTimerConfig                      0x00001668   Data          20  ti_msp_dl_config.o(.rodata.gControlTimerConfig)
    [Anonymous Symbol]                       0x00001668   Section        0  ti_msp_dl_config.o(.rodata.gControlTimerConfig)
    gHWT101ClockConfig                       0x0000167c   Data           2  ti_msp_dl_config.o(.rodata.gHWT101ClockConfig)
    [Anonymous Symbol]                       0x0000167c   Section        0  ti_msp_dl_config.o(.rodata.gHWT101ClockConfig)
    gHWT101Config                            0x0000167e   Data          10  ti_msp_dl_config.o(.rodata.gHWT101Config)
    [Anonymous Symbol]                       0x0000167e   Section        0  ti_msp_dl_config.o(.rodata.gHWT101Config)
    gHwt101ClockConfig                       0x00001688   Data           2  ti_msp_dl_config.o(.rodata.gHwt101ClockConfig)
    [Anonymous Symbol]                       0x00001688   Section        0  ti_msp_dl_config.o(.rodata.gHwt101ClockConfig)
    gHwt101Config                            0x0000168a   Data          10  ti_msp_dl_config.o(.rodata.gHwt101Config)
    [Anonymous Symbol]                       0x0000168a   Section        0  ti_msp_dl_config.o(.rodata.gHwt101Config)
    gMOTOR_PWMClockConfig                    0x00001694   Data           3  ti_msp_dl_config.o(.rodata.gMOTOR_PWMClockConfig)
    [Anonymous Symbol]                       0x00001694   Section        0  ti_msp_dl_config.o(.rodata.gMOTOR_PWMClockConfig)
    gMOTOR_PWMConfig                         0x00001698   Data           8  ti_msp_dl_config.o(.rodata.gMOTOR_PWMConfig)
    [Anonymous Symbol]                       0x00001698   Section        0  ti_msp_dl_config.o(.rodata.gMOTOR_PWMConfig)
    gUART_0ClockConfig                       0x000016a0   Data           2  ti_msp_dl_config.o(.rodata.gUART_0ClockConfig)
    [Anonymous Symbol]                       0x000016a0   Section        0  ti_msp_dl_config.o(.rodata.gUART_0ClockConfig)
    gUART_0Config                            0x000016a2   Data          10  ti_msp_dl_config.o(.rodata.gUART_0Config)
    [Anonymous Symbol]                       0x000016a2   Section        0  ti_msp_dl_config.o(.rodata.gUART_0Config)
    .bss                                     0x20200010   Section       96  libspace.o(.bss)
    Speed_PID_L.SpeedL_Last_err              0x202000a0   Data           4  empty.o(.bss.Speed_PID_L.SpeedL_Last_err)
    [Anonymous Symbol]                       0x202000a0   Section        0  empty.o(.bss.Speed_PID_L.SpeedL_Last_err)
    Speed_PID_L.SpeedL_Sum                   0x202000a4   Data           4  empty.o(.bss.Speed_PID_L.SpeedL_Sum)
    [Anonymous Symbol]                       0x202000a4   Section        0  empty.o(.bss.Speed_PID_L.SpeedL_Sum)
    Speed_PID_R.SpeedR_Last_err              0x202000a8   Data           4  empty.o(.bss.Speed_PID_R.SpeedR_Last_err)
    [Anonymous Symbol]                       0x202000a8   Section        0  empty.o(.bss.Speed_PID_R.SpeedR_Last_err)
    Speed_PID_R.SppedR_Sum                   0x202000ac   Data           4  empty.o(.bss.Speed_PID_R.SppedR_Sum)
    [Anonymous Symbol]                       0x202000ac   Section        0  empty.o(.bss.Speed_PID_R.SppedR_Sum)
    Heap_Mem                                 0x202002e8   Data           0  startup_mspm0g350x_uvision.o(HEAP)
    Stack_Mem                                0x202002e8   Data         256  startup_mspm0g350x_uvision.o(STACK)
    HEAP                                     0x202002e8   Section        0  startup_mspm0g350x_uvision.o(HEAP)
    STACK                                    0x202002e8   Section      256  startup_mspm0g350x_uvision.o(STACK)
    __initial_sp                             0x202003e8   Data           0  startup_mspm0g350x_uvision.o(STACK)

    Global Symbols

    Symbol Name                              Value     Ov Type        Size  Object(Section)

    BuildAttributes$$THM_ISAv3M$S$PE$A:L22$X:L11$S22$IEEE1$IW$~IW$USESV6$~STKCKD$USESV7$~SHL$OTIME$ROPI$IEEEX$EBA8$UX$STANDARDLIB$REQ8$PRES8$EABIv2 0x00000000   Number         0  anon$$obj.o ABSOLUTE
    __Vectors                                0x00000000   Data           4  startup_mspm0g350x_uvision.o(RESET)
    _printf_flags                            0x00000000   Number         0  printf_stubs.o ABSOLUTE
    _printf_return_value                     0x00000000   Number         0  printf_stubs.o ABSOLUTE
    _printf_sizespec                         0x00000000   Number         0  printf_stubs.o ABSOLUTE
    _printf_widthprec                        0x00000000   Number         0  printf_stubs.o ABSOLUTE
    __ARM_exceptions_init                     - Undefined Weak Reference
    __alloca_initialize                       - Undefined Weak Reference
    __arm_preinit_                            - Undefined Weak Reference
    __arm_relocate_pie_                       - Undefined Weak Reference
    __cpp_initialize__aeabi_                  - Undefined Weak Reference
    __cxa_finalize                            - Undefined Weak Reference
    __rt_locale                               - Undefined Weak Reference
    __sigvec_lookup                           - Undefined Weak Reference
    _atexit_init                              - Undefined Weak Reference
    _call_atexit_fns                          - Undefined Weak Reference
    _clock_init                               - Undefined Weak Reference
    _fp_trap_init                             - Undefined Weak Reference
    _fp_trap_shutdown                         - Undefined Weak Reference
    _get_lc_collate                           - Undefined Weak Reference
    _get_lc_ctype                             - Undefined Weak Reference
    _get_lc_monetary                          - Undefined Weak Reference
    _get_lc_numeric                           - Undefined Weak Reference
    _get_lc_time                              - Undefined Weak Reference
    _getenv_init                              - Undefined Weak Reference
    _handle_redirection                       - Undefined Weak Reference
    _init_alloc                               - Undefined Weak Reference
    _init_user_alloc                          - Undefined Weak Reference
    _initio                                   - Undefined Weak Reference
    _mutex_acquire                            - Undefined Weak Reference
    _mutex_release                            - Undefined Weak Reference
    _printf_truncate_signed                   - Undefined Weak Reference
    _printf_truncate_unsigned                 - Undefined Weak Reference
    _rand_init                                - Undefined Weak Reference
    _signal_finish                            - Undefined Weak Reference
    _signal_init                              - Undefined Weak Reference
    _terminate_alloc                          - Undefined Weak Reference
    _terminate_user_alloc                     - Undefined Weak Reference
    _terminateio                              - Undefined Weak Reference
    __Vectors_End                            0x000000c0   Data           0  startup_mspm0g350x_uvision.o(RESET)
    __Vectors_Size                           0x000000c0   Number         0  startup_mspm0g350x_uvision.o ABSOLUTE
    __main                                   0x000000c1   Thumb Code     8  __main.o(!!!main)
    __scatterload                            0x000000c9   Thumb Code     0  __scatter.o(!!!scatter)
    __scatterload_rt2                        0x000000c9   Thumb Code    74  __scatter.o(!!!scatter)
    __scatterload_rt2_thumb_only             0x000000c9   Thumb Code     0  __scatter.o(!!!scatter)
    __scatterload_loop                       0x000000d3   Thumb Code     0  __scatter.o(!!!scatter)
    __scatterload_copy                       0x00000121   Thumb Code    26  __scatter_copy.o(!!handler_copy)
    __scatterload_null                       0x00000141   Thumb Code     2  __scatter.o(!!handler_null)
    __scatterload_zeroinit                   0x00000149   Thumb Code    28  __scatter_zi.o(!!handler_zi)
    __rt_lib_init                            0x00000165   Thumb Code     0  libinit.o(.ARM.Collect$$libinit$$00000000)
    __rt_lib_init_alloca_1                   0x00000167   Thumb Code     0  libinit2.o(.ARM.Collect$$libinit$$00000030)
    __rt_lib_init_argv_1                     0x00000167   Thumb Code     0  libinit2.o(.ARM.Collect$$libinit$$0000002E)
    __rt_lib_init_atexit_1                   0x00000167   Thumb Code     0  libinit2.o(.ARM.Collect$$libinit$$0000001D)
    __rt_lib_init_clock_1                    0x00000167   Thumb Code     0  libinit2.o(.ARM.Collect$$libinit$$00000023)
    __rt_lib_init_cpp_1                      0x00000167   Thumb Code     0  libinit2.o(.ARM.Collect$$libinit$$00000034)
    __rt_lib_init_exceptions_1               0x00000167   Thumb Code     0  libinit2.o(.ARM.Collect$$libinit$$00000032)
    __rt_lib_init_fp_1                       0x00000167   Thumb Code     0  libinit2.o(.ARM.Collect$$libinit$$00000002)
    __rt_lib_init_fp_trap_1                  0x00000167   Thumb Code     0  libinit2.o(.ARM.Collect$$libinit$$00000021)
    __rt_lib_init_getenv_1                   0x00000167   Thumb Code     0  libinit2.o(.ARM.Collect$$libinit$$00000025)
    __rt_lib_init_heap_1                     0x00000167   Thumb Code     0  libinit2.o(.ARM.Collect$$libinit$$0000000C)
    __rt_lib_init_lc_collate_1               0x00000167   Thumb Code     0  libinit2.o(.ARM.Collect$$libinit$$00000013)
    __rt_lib_init_lc_ctype_1                 0x00000167   Thumb Code     0  libinit2.o(.ARM.Collect$$libinit$$00000015)
    __rt_lib_init_lc_monetary_1              0x00000167   Thumb Code     0  libinit2.o(.ARM.Collect$$libinit$$00000017)
    __rt_lib_init_lc_numeric_1               0x00000167   Thumb Code     0  libinit2.o(.ARM.Collect$$libinit$$00000019)
    __rt_lib_init_lc_time_1                  0x00000167   Thumb Code     0  libinit2.o(.ARM.Collect$$libinit$$0000001B)
    __rt_lib_init_preinit_1                  0x00000167   Thumb Code     0  libinit2.o(.ARM.Collect$$libinit$$00000006)
    __rt_lib_init_rand_1                     0x00000167   Thumb Code     0  libinit2.o(.ARM.Collect$$libinit$$00000010)
    __rt_lib_init_relocate_pie_1             0x00000167   Thumb Code     0  libinit2.o(.ARM.Collect$$libinit$$00000004)
    __rt_lib_init_return                     0x00000167   Thumb Code     0  libinit2.o(.ARM.Collect$$libinit$$00000035)
    __rt_lib_init_signal_1                   0x00000167   Thumb Code     0  libinit2.o(.ARM.Collect$$libinit$$0000001F)
    __rt_lib_init_stdio_1                    0x00000167   Thumb Code     0  libinit2.o(.ARM.Collect$$libinit$$00000027)
    __rt_lib_init_user_alloc_1               0x00000167   Thumb Code     0  libinit2.o(.ARM.Collect$$libinit$$0000000E)
    __rt_lib_shutdown                        0x00000169   Thumb Code     0  libshutdown.o(.ARM.Collect$$libshutdown$$00000000)
    __rt_lib_shutdown_cpp_1                  0x0000016b   Thumb Code     0  libshutdown2.o(.ARM.Collect$$libshutdown$$00000002)
    __rt_lib_shutdown_fp_trap_1              0x0000016b   Thumb Code     0  libshutdown2.o(.ARM.Collect$$libshutdown$$00000007)
    __rt_lib_shutdown_heap_1                 0x0000016b   Thumb Code     0  libshutdown2.o(.ARM.Collect$$libshutdown$$0000000F)
    __rt_lib_shutdown_return                 0x0000016b   Thumb Code     0  libshutdown2.o(.ARM.Collect$$libshutdown$$00000010)
    __rt_lib_shutdown_signal_1               0x0000016b   Thumb Code     0  libshutdown2.o(.ARM.Collect$$libshutdown$$0000000A)
    __rt_lib_shutdown_stdio_1                0x0000016b   Thumb Code     0  libshutdown2.o(.ARM.Collect$$libshutdown$$00000004)
    __rt_lib_shutdown_user_alloc_1           0x0000016b   Thumb Code     0  libshutdown2.o(.ARM.Collect$$libshutdown$$0000000C)
    __rt_entry                               0x0000016d   Thumb Code     0  __rtentry.o(.ARM.Collect$$rtentry$$00000000)
    __rt_entry_presh_1                       0x0000016d   Thumb Code     0  __rtentry2.o(.ARM.Collect$$rtentry$$00000002)
    __rt_entry_sh                            0x0000016d   Thumb Code     0  __rtentry4.o(.ARM.Collect$$rtentry$$00000004)
    __rt_entry_li                            0x00000173   Thumb Code     0  __rtentry2.o(.ARM.Collect$$rtentry$$0000000A)
    __rt_entry_postsh_1                      0x00000173   Thumb Code     0  __rtentry2.o(.ARM.Collect$$rtentry$$00000009)
    __rt_entry_main                          0x00000177   Thumb Code     0  __rtentry2.o(.ARM.Collect$$rtentry$$0000000D)
    __rt_entry_postli_1                      0x00000177   Thumb Code     0  __rtentry2.o(.ARM.Collect$$rtentry$$0000000C)
    __rt_exit                                0x0000017f   Thumb Code     0  rtexit.o(.ARM.Collect$$rtexit$$00000000)
    __rt_exit_ls                             0x00000181   Thumb Code     0  rtexit2.o(.ARM.Collect$$rtexit$$00000003)
    __rt_exit_prels_1                        0x00000181   Thumb Code     0  rtexit2.o(.ARM.Collect$$rtexit$$00000002)
    __rt_exit_exit                           0x00000185   Thumb Code     0  rtexit2.o(.ARM.Collect$$rtexit$$00000004)
    Reset_Handler                            0x0000018d   Thumb Code     4  startup_mspm0g350x_uvision.o(.text)
    NMI_Handler                              0x00000191   Thumb Code     2  startup_mspm0g350x_uvision.o(.text)
    HardFault_Handler                        0x00000193   Thumb Code     2  startup_mspm0g350x_uvision.o(.text)
    SVC_Handler                              0x00000195   Thumb Code     2  startup_mspm0g350x_uvision.o(.text)
    PendSV_Handler                           0x00000197   Thumb Code     2  startup_mspm0g350x_uvision.o(.text)
    SysTick_Handler                          0x00000199   Thumb Code     2  startup_mspm0g350x_uvision.o(.text)
    ADC0_IRQHandler                          0x0000019b   Thumb Code     0  startup_mspm0g350x_uvision.o(.text)
    ADC1_IRQHandler                          0x0000019b   Thumb Code     0  startup_mspm0g350x_uvision.o(.text)
    AES_IRQHandler                           0x0000019b   Thumb Code     0  startup_mspm0g350x_uvision.o(.text)
    CANFD0_IRQHandler                        0x0000019b   Thumb Code     0  startup_mspm0g350x_uvision.o(.text)
    DAC0_IRQHandler                          0x0000019b   Thumb Code     0  startup_mspm0g350x_uvision.o(.text)
    DMA_IRQHandler                           0x0000019b   Thumb Code     0  startup_mspm0g350x_uvision.o(.text)
    Default_Handler                          0x0000019b   Thumb Code     2  startup_mspm0g350x_uvision.o(.text)
    GROUP0_IRQHandler                        0x0000019b   Thumb Code     0  startup_mspm0g350x_uvision.o(.text)
    I2C0_IRQHandler                          0x0000019b   Thumb Code     0  startup_mspm0g350x_uvision.o(.text)
    I2C1_IRQHandler                          0x0000019b   Thumb Code     0  startup_mspm0g350x_uvision.o(.text)
    RTC_IRQHandler                           0x0000019b   Thumb Code     0  startup_mspm0g350x_uvision.o(.text)
    SPI0_IRQHandler                          0x0000019b   Thumb Code     0  startup_mspm0g350x_uvision.o(.text)
    SPI1_IRQHandler                          0x0000019b   Thumb Code     0  startup_mspm0g350x_uvision.o(.text)
    TIMA0_IRQHandler                         0x0000019b   Thumb Code     0  startup_mspm0g350x_uvision.o(.text)
    TIMG0_IRQHandler                         0x0000019b   Thumb Code     0  startup_mspm0g350x_uvision.o(.text)
    TIMG12_IRQHandler                        0x0000019b   Thumb Code     0  startup_mspm0g350x_uvision.o(.text)
    TIMG6_IRQHandler                         0x0000019b   Thumb Code     0  startup_mspm0g350x_uvision.o(.text)
    TIMG7_IRQHandler                         0x0000019b   Thumb Code     0  startup_mspm0g350x_uvision.o(.text)
    TIMG8_IRQHandler                         0x0000019b   Thumb Code     0  startup_mspm0g350x_uvision.o(.text)
    UART1_IRQHandler                         0x0000019b   Thumb Code     0  startup_mspm0g350x_uvision.o(.text)
    UART2_IRQHandler                         0x0000019b   Thumb Code     0  startup_mspm0g350x_uvision.o(.text)
    UART3_IRQHandler                         0x0000019b   Thumb Code     0  startup_mspm0g350x_uvision.o(.text)
    __user_initial_stackheap                 0x0000019d   Thumb Code    10  startup_mspm0g350x_uvision.o(.text)
    puts                                     0x000001b9   Thumb Code    38  puts.o(.text)
    __use_two_region_memory                  0x000001e5   Thumb Code     2  heapauxi.o(.text)
    __rt_heap_escrow$2region                 0x000001e7   Thumb Code     2  heapauxi.o(.text)
    __rt_heap_expand$2region                 0x000001e9   Thumb Code     2  heapauxi.o(.text)
    __aeabi_f2iz                             0x000001eb   Thumb Code     0  ffixi.o(.text)
    _ffix                                    0x000001eb   Thumb Code    76  ffixi.o(.text)
    __aeabi_i2f_normalise                    0x00000237   Thumb Code    72  fflti.o(.text)
    __aeabi_i2f                              0x0000027f   Thumb Code    16  fflti.o(.text)
    _fflt                                    0x0000027f   Thumb Code     0  fflti.o(.text)
    __aeabi_ui2f                             0x0000028f   Thumb Code     6  fflti.o(.text)
    _ffltu                                   0x0000028f   Thumb Code     0  fflti.o(.text)
    __user_libspace                          0x00000295   Thumb Code     8  libspace.o(.text)
    __user_perproc_libspace                  0x00000295   Thumb Code     0  libspace.o(.text)
    __user_perthread_libspace                0x00000295   Thumb Code     0  libspace.o(.text)
    __user_setup_stackheap                   0x0000029d   Thumb Code    62  sys_stackheap_outer.o(.text)
    exit                                     0x000002db   Thumb Code    16  exit.o(.text)
    Beep_off                                 0x000002ed   Thumb Code     8  beep.o(.text.Beep_off)
    Beep_on                                  0x000002f9   Thumb Code     8  beep.o(.text.Beep_on)
    DL_Common_delayCycles                    0x00000305   Thumb Code    10  dl_common.o(.text.DL_Common_delayCycles)
    DL_Timer_initPWMMode                     0x00000311   Thumb Code   188  dl_timer.o(.text.DL_Timer_initPWMMode)
    DL_Timer_initTimerMode                   0x000003e5   Thumb Code   224  dl_timer.o(.text.DL_Timer_initTimerMode)
    DL_Timer_setCaptCompUpdateMethod         0x000004d1   Thumb Code    24  dl_timer.o(.text.DL_Timer_setCaptCompUpdateMethod)
    DL_Timer_setCaptureCompareOutCtl         0x000004ed   Thumb Code    20  dl_timer.o(.text.DL_Timer_setCaptureCompareOutCtl)
    DL_Timer_setCaptureCompareValue          0x00000505   Thumb Code    12  dl_timer.o(.text.DL_Timer_setCaptureCompareValue)
    DL_Timer_setClockConfig                  0x00000515   Thumb Code    24  dl_timer.o(.text.DL_Timer_setClockConfig)
    DL_UART_init                             0x00000531   Thumb Code    64  dl_uart.o(.text.DL_UART_init)
    DL_UART_setClockConfig                   0x00000579   Thumb Code    18  dl_uart.o(.text.DL_UART_setClockConfig)
    GROUP1_IRQHandler                        0x0000058d   Thumb Code   204  empty.o(.text.GROUP1_IRQHandler)
    Key_GetNum                               0x0000066d   Thumb Code   200  key.o(.text.Key_GetNum)
    LED_off                                  0x00000739   Thumb Code    12  led.o(.text.LED_off)
    LED_on                                   0x00000749   Thumb Code    12  led.o(.text.LED_on)
    Load                                     0x00000755   Thumb Code    92  motor.o(.text.Load)
    SYSCFG_DL_Control_init                   0x000007b5   Thumb Code    36  ti_msp_dl_config.o(.text.SYSCFG_DL_Control_init)
    SYSCFG_DL_GPIO_init                      0x000007ed   Thumb Code   188  ti_msp_dl_config.o(.text.SYSCFG_DL_GPIO_init)
    SYSCFG_DL_HWT101_init                    0x000008e5   Thumb Code    88  ti_msp_dl_config.o(.text.SYSCFG_DL_HWT101_init)
    SYSCFG_DL_Hwt101_init                    0x00000951   Thumb Code    88  ti_msp_dl_config.o(.text.SYSCFG_DL_Hwt101_init)
    SYSCFG_DL_MOTOR_PWM_init                 0x000009bd   Thumb Code   116  ti_msp_dl_config.o(.text.SYSCFG_DL_MOTOR_PWM_init)
    SYSCFG_DL_SYSCTL_init                    0x00000a41   Thumb Code    52  ti_msp_dl_config.o(.text.SYSCFG_DL_SYSCTL_init)
    SYSCFG_DL_SYSTICK_init                   0x00000a7d   Thumb Code    24  ti_msp_dl_config.o(.text.SYSCFG_DL_SYSTICK_init)
    SYSCFG_DL_UART_0_init                    0x00000a99   Thumb Code    84  ti_msp_dl_config.o(.text.SYSCFG_DL_UART_0_init)
    SYSCFG_DL_init                           0x00000b05   Thumb Code    56  ti_msp_dl_config.o(.text.SYSCFG_DL_init)
    SYSCFG_DL_initPower                      0x00000b45   Thumb Code    60  ti_msp_dl_config.o(.text.SYSCFG_DL_initPower)
    TIMA1_IRQHandler                         0x00000ba5   Thumb Code  1488  empty.o(.text.TIMA1_IRQHandler)
    Track_Enable                             0x000011e9   Thumb Code   156  track.o(.text.Track_Enable)
    UART0_IRQHandler                         0x00001295   Thumb Code    76  board.o(.text.UART0_IRQHandler)
    _sys_exit                                0x000012f1   Thumb Code     2  board.o(.text._sys_exit)
    board_init                               0x000012f5   Thumb Code    28  board.o(.text.board_init)
    delay_ms                                 0x00001339   Thumb Code    68  board.o(.text.delay_ms)
    fputc                                    0x00001381   Thumb Code    32  board.o(.text.fputc)
    main                                     0x000013a5   Thumb Code   148  empty.o(.text.main)
    __aeabi_fadd                             0x00001459   Thumb Code     0  faddsub.o(x$fpl$fadd)
    _fadd                                    0x00001459   Thumb Code   134  faddsub.o(x$fpl$fadd)
    __aeabi_fmul                             0x000014e5   Thumb Code     0  fmul.o(x$fpl$fmul)
    _fmul                                    0x000014e5   Thumb Code   172  fmul.o(x$fpl$fmul)
    __aeabi_fsub                             0x00001595   Thumb Code     0  faddsub.o(x$fpl$fsub)
    _fsub                                    0x00001595   Thumb Code   204  faddsub.o(x$fpl$fsub)
    __I$use$fp                               0x00001664   Number         0  usenofp.o(x$fpl$usenofp)
    Region$$Table$$Base                      0x000016b0   Number         0  anon$$obj.o(Region$$Table)
    Region$$Table$$Limit                     0x000016d0   Number         0  anon$$obj.o(Region$$Table)
    Place_difference_k                       0x20200000   Data           4  empty.o(.data.Place_difference_k)
    SpeedL_KP                                0x20200004   Data           4  empty.o(.data.SpeedL_KP)
    SpeedR_KP                                0x20200008   Data           4  empty.o(.data.SpeedR_KP)
    __libspace_start                         0x20200010   Data          96  libspace.o(.bss)
    Encoder2                                 0x20200070   Data           2  empty.o(.bss.Encoder2)
    __temporary_stack_top$libspace           0x20200070   Data           0  libspace.o(.bss)
    Encoder4                                 0x20200072   Data           2  empty.o(.bss.Encoder4)
    Left_Count                               0x20200074   Data           4  empty.o(.bss.Left_Count)
    Place_compensate_Enable                  0x20200078   Data           4  empty.o(.bss.Place_compensate_Enable)
    Place_difference_compensate              0x2020007c   Data           4  empty.o(.bss.Place_difference_compensate)
    Pulse2                                   0x20200080   Data           2  empty.o(.bss.Pulse2)
    Pulse4                                   0x20200082   Data           2  empty.o(.bss.Pulse4)
    Pwm_Out2                                 0x20200084   Data           4  empty.o(.bss.Pwm_Out2)
    Pwm_Out4                                 0x20200088   Data           4  empty.o(.bss.Pwm_Out4)
    Right_Count                              0x2020008c   Data           4  empty.o(.bss.Right_Count)
    SpeedL_KD                                0x20200090   Data           4  empty.o(.bss.SpeedL_KD)
    SpeedL_KI                                0x20200094   Data           4  empty.o(.bss.SpeedL_KI)
    SpeedR_KD                                0x20200098   Data           4  empty.o(.bss.SpeedR_KD)
    SpeedR_KI                                0x2020009c   Data           4  empty.o(.bss.SpeedR_KI)
    Target_Speed2                            0x202000b0   Data           4  empty.o(.bss.Target_Speed2)
    Target_Speed4                            0x202000b4   Data           4  empty.o(.bss.Target_Speed4)
    __stdout                                 0x202000b8   Data          84  board.o(.bss.__stdout)
    bar                                      0x2020010c   Data           4  empty.o(.bss.bar)
    gControlBackup                           0x20200110   Data         188  ti_msp_dl_config.o(.bss.gControlBackup)
    gMOTOR_PWMBackup                         0x202001cc   Data         120  ti_msp_dl_config.o(.bss.gMOTOR_PWMBackup)
    infty_loop                               0x20200244   Data           4  empty.o(.bss.infty_loop)
    key_temp                                 0x20200248   Data           4  empty.o(.bss.key_temp)
    recv0_buff                               0x2020024c   Data         128  board.o(.bss.recv0_buff)
    recv0_flag                               0x202002cc   Data           1  board.o(.bss.recv0_flag)
    recv0_length                             0x202002ce   Data           2  board.o(.bss.recv0_length)
    target_infty_loop                        0x202002d0   Data           4  empty.o(.bss.target_infty_loop)
    task_finish_flag                         0x202002d4   Data           4  empty.o(.bss.task_finish_flag)
    task_flag                                0x202002d8   Data           4  empty.o(.bss.task_flag)
    time_count                               0x202002dc   Data           4  empty.o(.bss.time_count)
    time_enable                              0x202002e0   Data           4  empty.o(.bss.time_enable)
    track_flag                               0x202002e4   Data           4  empty.o(.bss.track_flag)



==============================================================================

Memory Map of the image

  Image Entry point : 0x000000c1

  Load Region LR_IROM1 (Base: 0x00000000, Size: 0x000016e0, Max: 0x00020000, ABSOLUTE)

    Execution Region ER_IROM1 (Exec base: 0x00000000, Load base: 0x00000000, Size: 0x000016d0, Max: 0x00020000, ABSOLUTE)

    Exec Addr    Load Addr    Size         Type   Attr      Idx    E Section Name        Object

    0x00000000   0x00000000   0x000000c0   Data   RO           58    RESET               startup_mspm0g350x_uvision.o
    0x000000c0   0x000000c0   0x00000008   Code   RO         1279  * !!!main             c_p.l(__main.o)
    0x000000c8   0x000000c8   0x00000054   Code   RO         1594    !!!scatter          c_p.l(__scatter.o)
    0x0000011c   0x0000011c   0x00000004   PAD
    0x00000120   0x00000120   0x0000001a   Code   RO         1598    !!handler_copy      c_p.l(__scatter_copy.o)
    0x0000013a   0x0000013a   0x00000006   PAD
    0x00000140   0x00000140   0x00000002   Code   RO         1595    !!handler_null      c_p.l(__scatter.o)
    0x00000142   0x00000142   0x00000006   PAD
    0x00000148   0x00000148   0x0000001c   Code   RO         1600    !!handler_zi        c_p.l(__scatter_zi.o)
    0x00000164   0x00000164   0x00000002   Code   RO         1454    .ARM.Collect$$libinit$$00000000  c_p.l(libinit.o)
    0x00000166   0x00000166   0x00000000   Code   RO         1471    .ARM.Collect$$libinit$$00000002  c_p.l(libinit2.o)
    0x00000166   0x00000166   0x00000000   Code   RO         1473    .ARM.Collect$$libinit$$00000004  c_p.l(libinit2.o)
    0x00000166   0x00000166   0x00000000   Code   RO         1475    .ARM.Collect$$libinit$$00000006  c_p.l(libinit2.o)
    0x00000166   0x00000166   0x00000000   Code   RO         1478    .ARM.Collect$$libinit$$0000000C  c_p.l(libinit2.o)
    0x00000166   0x00000166   0x00000000   Code   RO         1480    .ARM.Collect$$libinit$$0000000E  c_p.l(libinit2.o)
    0x00000166   0x00000166   0x00000000   Code   RO         1482    .ARM.Collect$$libinit$$00000010  c_p.l(libinit2.o)
    0x00000166   0x00000166   0x00000000   Code   RO         1485    .ARM.Collect$$libinit$$00000013  c_p.l(libinit2.o)
    0x00000166   0x00000166   0x00000000   Code   RO         1487    .ARM.Collect$$libinit$$00000015  c_p.l(libinit2.o)
    0x00000166   0x00000166   0x00000000   Code   RO         1489    .ARM.Collect$$libinit$$00000017  c_p.l(libinit2.o)
    0x00000166   0x00000166   0x00000000   Code   RO         1491    .ARM.Collect$$libinit$$00000019  c_p.l(libinit2.o)
    0x00000166   0x00000166   0x00000000   Code   RO         1493    .ARM.Collect$$libinit$$0000001B  c_p.l(libinit2.o)
    0x00000166   0x00000166   0x00000000   Code   RO         1495    .ARM.Collect$$libinit$$0000001D  c_p.l(libinit2.o)
    0x00000166   0x00000166   0x00000000   Code   RO         1497    .ARM.Collect$$libinit$$0000001F  c_p.l(libinit2.o)
    0x00000166   0x00000166   0x00000000   Code   RO         1499    .ARM.Collect$$libinit$$00000021  c_p.l(libinit2.o)
    0x00000166   0x00000166   0x00000000   Code   RO         1501    .ARM.Collect$$libinit$$00000023  c_p.l(libinit2.o)
    0x00000166   0x00000166   0x00000000   Code   RO         1503    .ARM.Collect$$libinit$$00000025  c_p.l(libinit2.o)
    0x00000166   0x00000166   0x00000000   Code   RO         1505    .ARM.Collect$$libinit$$00000027  c_p.l(libinit2.o)
    0x00000166   0x00000166   0x00000000   Code   RO         1509    .ARM.Collect$$libinit$$0000002E  c_p.l(libinit2.o)
    0x00000166   0x00000166   0x00000000   Code   RO         1511    .ARM.Collect$$libinit$$00000030  c_p.l(libinit2.o)
    0x00000166   0x00000166   0x00000000   Code   RO         1513    .ARM.Collect$$libinit$$00000032  c_p.l(libinit2.o)
    0x00000166   0x00000166   0x00000000   Code   RO         1515    .ARM.Collect$$libinit$$00000034  c_p.l(libinit2.o)
    0x00000166   0x00000166   0x00000002   Code   RO         1516    .ARM.Collect$$libinit$$00000035  c_p.l(libinit2.o)
    0x00000168   0x00000168   0x00000002   Code   RO         1546    .ARM.Collect$$libshutdown$$00000000  c_p.l(libshutdown.o)
    0x0000016a   0x0000016a   0x00000000   Code   RO         1577    .ARM.Collect$$libshutdown$$00000002  c_p.l(libshutdown2.o)
    0x0000016a   0x0000016a   0x00000000   Code   RO         1579    .ARM.Collect$$libshutdown$$00000004  c_p.l(libshutdown2.o)
    0x0000016a   0x0000016a   0x00000000   Code   RO         1582    .ARM.Collect$$libshutdown$$00000007  c_p.l(libshutdown2.o)
    0x0000016a   0x0000016a   0x00000000   Code   RO         1585    .ARM.Collect$$libshutdown$$0000000A  c_p.l(libshutdown2.o)
    0x0000016a   0x0000016a   0x00000000   Code   RO         1587    .ARM.Collect$$libshutdown$$0000000C  c_p.l(libshutdown2.o)
    0x0000016a   0x0000016a   0x00000000   Code   RO         1590    .ARM.Collect$$libshutdown$$0000000F  c_p.l(libshutdown2.o)
    0x0000016a   0x0000016a   0x00000002   Code   RO         1591    .ARM.Collect$$libshutdown$$00000010  c_p.l(libshutdown2.o)
    0x0000016c   0x0000016c   0x00000000   Code   RO         1342    .ARM.Collect$$rtentry$$00000000  c_p.l(__rtentry.o)
    0x0000016c   0x0000016c   0x00000000   Code   RO         1402    .ARM.Collect$$rtentry$$00000002  c_p.l(__rtentry2.o)
    0x0000016c   0x0000016c   0x00000006   Code   RO         1414    .ARM.Collect$$rtentry$$00000004  c_p.l(__rtentry4.o)
    0x00000172   0x00000172   0x00000000   Code   RO         1404    .ARM.Collect$$rtentry$$00000009  c_p.l(__rtentry2.o)
    0x00000172   0x00000172   0x00000004   Code   RO         1405    .ARM.Collect$$rtentry$$0000000A  c_p.l(__rtentry2.o)
    0x00000176   0x00000176   0x00000000   Code   RO         1407    .ARM.Collect$$rtentry$$0000000C  c_p.l(__rtentry2.o)
    0x00000176   0x00000176   0x00000008   Code   RO         1408    .ARM.Collect$$rtentry$$0000000D  c_p.l(__rtentry2.o)
    0x0000017e   0x0000017e   0x00000002   Code   RO         1462    .ARM.Collect$$rtexit$$00000000  c_p.l(rtexit.o)
    0x00000180   0x00000180   0x00000000   Code   RO         1520    .ARM.Collect$$rtexit$$00000002  c_p.l(rtexit2.o)
    0x00000180   0x00000180   0x00000004   Code   RO         1521    .ARM.Collect$$rtexit$$00000003  c_p.l(rtexit2.o)
    0x00000184   0x00000184   0x00000006   Code   RO         1522    .ARM.Collect$$rtexit$$00000004  c_p.l(rtexit2.o)
    0x0000018a   0x0000018a   0x00000002   PAD
    0x0000018c   0x0000018c   0x0000002c   Code   RO           59    .text               startup_mspm0g350x_uvision.o
    0x000001b8   0x000001b8   0x0000002c   Code   RO         1265    .text               c_p.l(puts.o)
    0x000001e4   0x000001e4   0x00000006   Code   RO         1277    .text               c_p.l(heapauxi.o)
    0x000001ea   0x000001ea   0x0000004c   Code   RO         1327    .text               fz_ps.l(ffixi.o)
    0x00000236   0x00000236   0x0000005e   Code   RO         1329    .text               fz_ps.l(fflti.o)
    0x00000294   0x00000294   0x00000008   Code   RO         1435    .text               c_p.l(libspace.o)
    0x0000029c   0x0000029c   0x0000003e   Code   RO         1438    .text               c_p.l(sys_stackheap_outer.o)
    0x000002da   0x000002da   0x00000010   Code   RO         1443    .text               c_p.l(exit.o)
    0x000002ea   0x000002ea   0x00000002   PAD
    0x000002ec   0x000002ec   0x0000000c   Code   RO          476    .text.Beep_off      beep.o
    0x000002f8   0x000002f8   0x0000000c   Code   RO          474    .text.Beep_on       beep.o
    0x00000304   0x00000304   0x0000000a   Code   RO         1148    .text.DL_Common_delayCycles  dl_common.o
    0x0000030e   0x0000030e   0x00000002   PAD
    0x00000310   0x00000310   0x000000d4   Code   RO          582    .text.DL_Timer_initPWMMode  dl_timer.o
    0x000003e4   0x000003e4   0x000000ec   Code   RO          564    .text.DL_Timer_initTimerMode  dl_timer.o
    0x000004d0   0x000004d0   0x0000001c   Code   RO          596    .text.DL_Timer_setCaptCompUpdateMethod  dl_timer.o
    0x000004ec   0x000004ec   0x00000018   Code   RO          586    .text.DL_Timer_setCaptureCompareOutCtl  dl_timer.o
    0x00000504   0x00000504   0x00000010   Code   RO          566    .text.DL_Timer_setCaptureCompareValue  dl_timer.o
    0x00000514   0x00000514   0x0000001c   Code   RO          560    .text.DL_Timer_setClockConfig  dl_timer.o
    0x00000530   0x00000530   0x00000048   Code   RO          508    .text.DL_UART_init  dl_uart.o
    0x00000578   0x00000578   0x00000012   Code   RO          510    .text.DL_UART_setClockConfig  dl_uart.o
    0x0000058a   0x0000058a   0x00000002   PAD
    0x0000058c   0x0000058c   0x000000e0   Code   RO           10    .text.GROUP1_IRQHandler  empty.o
    0x0000066c   0x0000066c   0x000000cc   Code   RO          222    .text.Key_GetNum    key.o
    0x00000738   0x00000738   0x00000010   Code   RO          211    .text.LED_off       led.o
    0x00000748   0x00000748   0x0000000c   Code   RO          213    .text.LED_on        led.o
    0x00000754   0x00000754   0x00000060   Code   RO          462    .text.Load          motor.o
    0x000007b4   0x000007b4   0x00000038   Code   RO           76    .text.SYSCFG_DL_Control_init  ti_msp_dl_config.o
    0x000007ec   0x000007ec   0x000000f8   Code   RO           70    .text.SYSCFG_DL_GPIO_init  ti_msp_dl_config.o
    0x000008e4   0x000008e4   0x0000006c   Code   RO           80    .text.SYSCFG_DL_HWT101_init  ti_msp_dl_config.o
    0x00000950   0x00000950   0x0000006c   Code   RO           82    .text.SYSCFG_DL_Hwt101_init  ti_msp_dl_config.o
    0x000009bc   0x000009bc   0x00000084   Code   RO           74    .text.SYSCFG_DL_MOTOR_PWM_init  ti_msp_dl_config.o
    0x00000a40   0x00000a40   0x0000003c   Code   RO           72    .text.SYSCFG_DL_SYSCTL_init  ti_msp_dl_config.o
    0x00000a7c   0x00000a7c   0x0000001c   Code   RO           84    .text.SYSCFG_DL_SYSTICK_init  ti_msp_dl_config.o
    0x00000a98   0x00000a98   0x0000006c   Code   RO           78    .text.SYSCFG_DL_UART_0_init  ti_msp_dl_config.o
    0x00000b04   0x00000b04   0x00000040   Code   RO           66    .text.SYSCFG_DL_init  ti_msp_dl_config.o
    0x00000b44   0x00000b44   0x00000060   Code   RO           68    .text.SYSCFG_DL_initPower  ti_msp_dl_config.o
    0x00000ba4   0x00000ba4   0x00000644   Code   RO            4    .text.TIMA1_IRQHandler  empty.o
    0x000011e8   0x000011e8   0x000000ac   Code   RO          485    .text.Track_Enable  track.o
    0x00001294   0x00001294   0x0000005c   Code   RO          128    .text.UART0_IRQHandler  board.o
    0x000012f0   0x000012f0   0x00000002   Code   RO          124    .text._sys_exit     board.o
    0x000012f2   0x000012f2   0x00000002   PAD
    0x000012f4   0x000012f4   0x00000044   Code   RO          110    .text.board_init    board.o
    0x00001338   0x00001338   0x00000048   Code   RO          114    .text.delay_ms      board.o
    0x00001380   0x00001380   0x00000024   Code   RO          126    .text.fputc         board.o
    0x000013a4   0x000013a4   0x000000b4   Code   RO            2    .text.main          empty.o
    0x00001458   0x00001458   0x0000008c   Code   RO         1294    x$fpl$fadd          fz_ps.l(faddsub.o)
    0x000014e4   0x000014e4   0x000000b0   Code   RO         1331    x$fpl$fmul          fz_ps.l(fmul.o)
    0x00001594   0x00001594   0x000000d0   Code   RO         1296    x$fpl$fsub          fz_ps.l(faddsub.o)
    0x00001664   0x00001664   0x00000000   Code   RO         1372    x$fpl$usenofp       fz_ps.l(usenofp.o)
    0x00001664   0x00001664   0x00000003   Data   RO           94    .rodata.gControlClockConfig  ti_msp_dl_config.o
    0x00001667   0x00001667   0x00000001   PAD
    0x00001668   0x00001668   0x00000014   Data   RO           95    .rodata.gControlTimerConfig  ti_msp_dl_config.o
    0x0000167c   0x0000167c   0x00000002   Data   RO           98    .rodata.gHWT101ClockConfig  ti_msp_dl_config.o
    0x0000167e   0x0000167e   0x0000000a   Data   RO           99    .rodata.gHWT101Config  ti_msp_dl_config.o
    0x00001688   0x00001688   0x00000002   Data   RO          100    .rodata.gHwt101ClockConfig  ti_msp_dl_config.o
    0x0000168a   0x0000168a   0x0000000a   Data   RO          101    .rodata.gHwt101Config  ti_msp_dl_config.o
    0x00001694   0x00001694   0x00000003   Data   RO           92    .rodata.gMOTOR_PWMClockConfig  ti_msp_dl_config.o
    0x00001697   0x00001697   0x00000001   PAD
    0x00001698   0x00001698   0x00000008   Data   RO           93    .rodata.gMOTOR_PWMConfig  ti_msp_dl_config.o
    0x000016a0   0x000016a0   0x00000002   Data   RO           96    .rodata.gUART_0ClockConfig  ti_msp_dl_config.o
    0x000016a2   0x000016a2   0x0000000a   Data   RO           97    .rodata.gUART_0Config  ti_msp_dl_config.o
    0x000016ac   0x000016ac   0x00000004   PAD
    0x000016b0   0x000016b0   0x00000020   Data   RO         1593    Region$$Table       anon$$obj.o


    Execution Region RW_IRAM2 (Exec base: 0x20200000, Load base: 0x000016d0, Size: 0x000003e8, Max: 0x00008000, ABSOLUTE)

    Exec Addr    Load Addr    Size         Type   Attr      Idx    E Section Name        Object

    0x20200000   0x000016d0   0x00000004   Data   RW           18    .data.Place_difference_k  empty.o
    0x20200004   0x000016d4   0x00000004   Data   RW           12    .data.SpeedL_KP     empty.o
    0x20200008   0x000016d8   0x00000004   Data   RW           15    .data.SpeedR_KP     empty.o
    0x2020000c   0x000016dc   0x00000004   PAD
    0x20200010        -       0x00000060   Zero   RW         1436    .bss                c_p.l(libspace.o)
    0x20200070        -       0x00000002   Zero   RW           37    .bss.Encoder2       empty.o
    0x20200072        -       0x00000002   Zero   RW           38    .bss.Encoder4       empty.o
    0x20200074        -       0x00000004   Zero   RW           19    .bss.Left_Count     empty.o
    0x20200078        -       0x00000004   Zero   RW           27    .bss.Place_compensate_Enable  empty.o
    0x2020007c        -       0x00000004   Zero   RW           22    .bss.Place_difference_compensate  empty.o
    0x20200080        -       0x00000002   Zero   RW           39    .bss.Pulse2         empty.o
    0x20200082        -       0x00000002   Zero   RW           40    .bss.Pulse4         empty.o
    0x20200084        -       0x00000004   Zero   RW           23    .bss.Pwm_Out2       empty.o
    0x20200088        -       0x00000004   Zero   RW           24    .bss.Pwm_Out4       empty.o
    0x2020008c        -       0x00000004   Zero   RW           20    .bss.Right_Count    empty.o
    0x20200090        -       0x00000004   Zero   RW           14    .bss.SpeedL_KD      empty.o
    0x20200094        -       0x00000004   Zero   RW           13    .bss.SpeedL_KI      empty.o
    0x20200098        -       0x00000004   Zero   RW           17    .bss.SpeedR_KD      empty.o
    0x2020009c        -       0x00000004   Zero   RW           16    .bss.SpeedR_KI      empty.o
    0x202000a0        -       0x00000004   Zero   RW           41    .bss.Speed_PID_L.SpeedL_Last_err  empty.o
    0x202000a4        -       0x00000004   Zero   RW           42    .bss.Speed_PID_L.SpeedL_Sum  empty.o
    0x202000a8        -       0x00000004   Zero   RW           43    .bss.Speed_PID_R.SpeedR_Last_err  empty.o
    0x202000ac        -       0x00000004   Zero   RW           44    .bss.Speed_PID_R.SppedR_Sum  empty.o
    0x202000b0        -       0x00000004   Zero   RW           36    .bss.Target_Speed2  empty.o
    0x202000b4        -       0x00000004   Zero   RW           35    .bss.Target_Speed4  empty.o
    0x202000b8        -       0x00000054   Zero   RW          135    .bss.__stdout       board.o
    0x2020010c        -       0x00000004   Zero   RW           30    .bss.bar            empty.o
    0x20200110        -       0x000000bc   Zero   RW           91    .bss.gControlBackup  ti_msp_dl_config.o
    0x202001cc        -       0x00000078   Zero   RW           90    .bss.gMOTOR_PWMBackup  ti_msp_dl_config.o
    0x20200244        -       0x00000004   Zero   RW           33    .bss.infty_loop     empty.o
    0x20200248        -       0x00000004   Zero   RW           25    .bss.key_temp       empty.o
    0x2020024c        -       0x00000080   Zero   RW          132    .bss.recv0_buff     board.o
    0x202002cc        -       0x00000001   Zero   RW          134    .bss.recv0_flag     board.o
    0x202002cd   0x000016dc   0x00000001   PAD
    0x202002ce        -       0x00000002   Zero   RW          133    .bss.recv0_length   board.o
    0x202002d0        -       0x00000004   Zero   RW           34    .bss.target_infty_loop  empty.o
    0x202002d4        -       0x00000004   Zero   RW           29    .bss.task_finish_flag  empty.o
    0x202002d8        -       0x00000004   Zero   RW           26    .bss.task_flag      empty.o
    0x202002dc        -       0x00000004   Zero   RW           31    .bss.time_count     empty.o
    0x202002e0        -       0x00000004   Zero   RW           32    .bss.time_enable    empty.o
    0x202002e4        -       0x00000004   Zero   RW           28    .bss.track_flag     empty.o
    0x202002e8        -       0x00000000   Zero   RW           57    HEAP                startup_mspm0g350x_uvision.o
    0x202002e8        -       0x00000100   Zero   RW           56    STACK               startup_mspm0g350x_uvision.o



  Load Region LR_BCR (Base: 0x41c00000, Size: 0x00000000, Max: 0x00000100, ABSOLUTE)

    Execution Region BCR_CONFIG (Exec base: 0x41c00000, Load base: 0x41c00000, Size: 0x00000000, Max: 0x00000080, ABSOLUTE)

    **** No section assigned to this execution region ****



  Load Region LR_BSL (Base: 0x41c00100, Size: 0x00000000, Max: 0x00000100, ABSOLUTE)

    Execution Region BSL_CONFIG (Exec base: 0x41c00100, Load base: 0x41c00100, Size: 0x00000000, Max: 0x00000080, ABSOLUTE)

    **** No section assigned to this execution region ****


==============================================================================

Image component sizes


      Code (inc. data)   RO Data    RW Data    ZI Data      Debug   Object Name

        24          8          0          0          0       3553   beep.o
       270         64          0          0        215       9673   board.o
        10          0          0          0          0        577   dl_common.o
       544        192          0          0          0      32012   dl_timer.o
        90          8          0          0          0      14497   dl_uart.o
      2008        260          0         12        108       9913   empty.o
       204          4          0          0          0       4352   key.o
        28          4          0          0          0       3553   led.o
        96          4          0          0          0       5574   motor.o
        44         18        192          0        256        680   startup_mspm0g350x_uvision.o
      1008        216         70          0        308      30874   ti_msp_dl_config.o
       172         16          0          0          0       3880   track.o

    ----------------------------------------------------------------------
      4504        794        300         12        892     119138   Object Totals
         0          0         32          0          0          0   (incl. Generated)
         6          0          6          0          5          0   (incl. Padding)

    ----------------------------------------------------------------------

      Code (inc. data)   RO Data    RW Data    ZI Data      Debug   Library Member Name

         8          0          0          0          0         68   __main.o
         0          0          0          0          0          0   __rtentry.o
        12          0          0          0          0          0   __rtentry2.o
         6          0          0          0          0          0   __rtentry4.o
        86         10          0          0          0          0   __scatter.o
        26          0          0          0          0          0   __scatter_copy.o
        28          0          0          0          0          0   __scatter_zi.o
        16          0          0          0          0         68   exit.o
         6          0          0          0          0        136   heapauxi.o
         2          0          0          0          0          0   libinit.o
         2          0          0          0          0          0   libinit2.o
         2          0          0          0          0          0   libshutdown.o
         2          0          0          0          0          0   libshutdown2.o
         8          4          0          0         96         68   libspace.o
        44          6          0          0          0         68   puts.o
         2          0          0          0          0          0   rtexit.o
        10          0          0          0          0          0   rtexit2.o
        62          0          0          0          0         80   sys_stackheap_outer.o
       348          8          0          0          0        160   faddsub.o
        76          0          0          0          0         68   ffixi.o
        94          0          0          0          0         92   fflti.o
       176          4          0          0          0         80   fmul.o
         0          0          0          0          0          0   usenofp.o

    ----------------------------------------------------------------------
      1036         36          0          0         96        888   Library Totals
        20          4          0          0          0          0   (incl. Padding)

    ----------------------------------------------------------------------

      Code (inc. data)   RO Data    RW Data    ZI Data      Debug   Library Name

       322         20          0          0         96        488   c_p.l
       694         12          0          0          0        400   fz_ps.l

    ----------------------------------------------------------------------
      1036         36          0          0         96        888   Library Totals

    ----------------------------------------------------------------------

==============================================================================


      Code (inc. data)   RO Data    RW Data    ZI Data      Debug   

      5540        830        300         12        988     119610   Grand Totals
      5540        830        300         12        988     119610   ELF Image Totals
      5540        830        300         12          0          0   ROM Totals

==============================================================================

    Total RO  Size (Code + RO Data)                 5840 (   5.70kB)
    Total RW  Size (RW Data + ZI Data)              1000 (   0.98kB)
    Total ROM Size (Code + RO Data + RW Data)       5852 (   5.71kB)

==============================================================================

