<html>
<body>
<pre>
<h1>µVision Build Log</h1>
<h2>Tool Versions:</h2>
IDE-Version: ¦ÌVision V5.40.0.0
Copyright (C) 2024 ARM Ltd and ARM Germany GmbH. All rights reserved.
License Information: 1 Leiiiii, 1, LIC=ATTQ1-CPYPH-BSFYX-HMXT7-96MJE-A4QHI
 
Tool Versions:
Toolchain:       MDK-ARM Plus  Version: 5.40.0.3
Toolchain Path:  E:\keil540\ARM\ARMCLANG\Bin
C Compiler:      ArmClang.exe V6.22
Assembler:       Armasm.exe V6.22
Linker/Locator:  ArmLink.exe V6.22
Library Manager: ArmAr.exe V6.22
Hex Converter:   FromElf.exe V6.22
CPU DLL:         SARMCM3.DLL V5.40.0.3
Dialog DLL:      DARMCM1.DLL V1.19.6.0
Target DLL:      CMSIS_AGDI.dll V1.33.18.0
Dialog DLL:      TARMCM1.DLL V1.14.6.0
 
<h2>Project:</h2>
E:\ti\mspm0_sdk_1_30_00_03\MSPM0G3507_Project\keil\empty_LP_MSPM0G3507_nortos_keil.uvprojx
Project File Date:  07/31/2024

<h2>Output:</h2>
*** Using Compiler 'V6.22', folder: 'E:\keil540\ARM\ARMCLANG\Bin'
Rebuild target 'MSPM0G3507_Project'
Before Build - User command #1: cmd.exe /C "E:\ti\mspm0_sdk_1_30_00_03\MSPM0G3507_Project\keil\../../tools/keil/syscfg.bat 'E:\ti\mspm0_sdk_1_30_00_03\MSPM0G3507_Project\keil\' empty.syscfg"
Using Sysconfig Tool from "E:\ti\SYSCONFIG\sysconfig_cli.bat"
"Update the file located at <sdk path>/tools/keil/syscfg.bat to use a different version"
Running script...
Validating...
info: /ti/project_config/ProjectConfig deviceSpin: Note: User must select a device after migration. 
info: MOTOR_PWM(/ti/driverlib/PWM): Peripheral does not retain register contents in STOP or STANDBY modes. User should take care to save and restore register configuration in application. See Retention Configuration section for more details.
info: Control(/ti/driverlib/TIMER): Peripheral does not retain register contents in STOP or STANDBY modes. User should take care to save and restore register configuration in application. See Retention Configuration section for more details.
Generating Code (empty.syscfg)...
Unchanged E:\ti\mspm0_sdk_1_30_00_03\MSPM0G3507_Project\ti_msp_dl_config.c...
Unchanged E:\ti\mspm0_sdk_1_30_00_03\MSPM0G3507_Project\ti_msp_dl_config.h...
Unchanged E:\ti\mspm0_sdk_1_30_00_03\MSPM0G3507_Project\Event.dot...
assembling startup_mspm0g350x_uvision.s...
compiling Beep.c...
compiling encoder.c...
compiling ti_msp_dl_config.c...
compiling empty.c...
compiling motor.c...
compiling LED.c...
compiling key.c...
compiling board.c...
compiling bsp_mpu6050.c...
compiling inv_mpu_dmp_motion_driver.c...
compiling dl_vref.c...
compiling Track.c...
compiling dl_trng.c...
compiling dl_opa.c...
compiling dl_uart.c...
compiling dl_mathacl.c...
compiling dl_rtc_common.c...
compiling dl_lfss.c...
compiling oled.c...
compiling dl_lcd.c...
compiling dl_spi.c...
compiling dl_keystorectl.c...
compiling inv_mpu.c...
compiling dl_timer.c...
compiling dl_i2c.c...
compiling dl_dma.c...
compiling dl_crcp.c...
compiling dl_mcan.c...
compiling dl_dac12.c...
compiling dl_common.c...
compiling dl_crc.c...
compiling dl_aesadv.c...
compiling dl_flashctl.c...
compiling dl_adc12.c...
compiling dl_aes.c...
linking...
Program Size: Code=5540 RO-data=300 RW-data=12 ZI-data=988  
FromELF: creating hex file...
".\Objects\empty_LP_MSPM0G3507_nortos_keil.axf" - 0 Error(s), 0 Warning(s).

<h2>Software Packages used:</h2>

Package Vendor: TexasInstruments
                https://software-dl.ti.com/msp430/esd/MSPM0-CMSIS/MSPM0G1X0X_G3X0X/latest/exports/TexasInstruments.MSPM0G1X0X_G3X0X_DFP.1.3.1.pack
                TexasInstruments::MSPM0G1X0X_G3X0X_DFP@1.3.1
                Device Family Pack for Texas Instruments MSPM0G1X0X_G3X0X Series

<h2>Collection of Component include folders:</h2>

<h2>Collection of Component Files used:</h2>
Build Time Elapsed:  00:00:03
</pre>
</body>
</html>
